Component: ARM Compiler 5.06 update 6 (build 750) Tool: armlink [4d35ed]

==============================================================================

Section Cross References

    startup_stm32f103xb.o(RESET) refers to startup_stm32f103xb.o(STACK) for __initial_sp
    startup_stm32f103xb.o(RESET) refers to startup_stm32f103xb.o(.text) for Reset_Handler
    startup_stm32f103xb.o(RESET) refers to stm32f1xx_it.o(i.NMI_Handler) for NMI_Handler
    startup_stm32f103xb.o(RESET) refers to stm32f1xx_it.o(i.HardFault_Handler) for HardFault_Handler
    startup_stm32f103xb.o(RESET) refers to stm32f1xx_it.o(i.MemManage_Handler) for MemManage_Handler
    startup_stm32f103xb.o(RESET) refers to stm32f1xx_it.o(i.BusFault_Handler) for BusFault_Handler
    startup_stm32f103xb.o(RESET) refers to stm32f1xx_it.o(i.UsageFault_Handler) for UsageFault_Handler
    startup_stm32f103xb.o(RESET) refers to port.o(.emb_text) for SVC_Handler
    startup_stm32f103xb.o(RESET) refers to stm32f1xx_it.o(i.DebugMon_Handler) for DebugMon_Handler
    startup_stm32f103xb.o(RESET) refers to cmsis_os2.o(i.SysTick_Handler) for SysTick_Handler
    startup_stm32f103xb.o(RESET) refers to stm32f1xx_it.o(i.DMA1_Channel1_IRQHandler) for DMA1_Channel1_IRQHandler
    startup_stm32f103xb.o(RESET) refers to stm32f1xx_it.o(i.TIM1_UP_IRQHandler) for TIM1_UP_IRQHandler
    startup_stm32f103xb.o(RESET) refers to stm32f1xx_it.o(i.USART2_IRQHandler) for USART2_IRQHandler
    startup_stm32f103xb.o(.text) refers to system_stm32f1xx.o(i.SystemInit) for SystemInit
    startup_stm32f103xb.o(.text) refers to entry.o(.ARM.Collect$$$$00000000) for __main
    main.o(i.HAL_TIM_PeriodElapsedCallback) refers to stm32f1xx_hal.o(i.HAL_IncTick) for HAL_IncTick
    main.o(i.SystemClock_Config) refers to memseta.o(.text) for __aeabi_memclr4
    main.o(i.SystemClock_Config) refers to stm32f1xx_hal_rcc.o(i.HAL_RCC_OscConfig) for HAL_RCC_OscConfig
    main.o(i.SystemClock_Config) refers to stm32f1xx_hal_rcc.o(i.HAL_RCC_ClockConfig) for HAL_RCC_ClockConfig
    main.o(i.SystemClock_Config) refers to stm32f1xx_hal_rcc_ex.o(i.HAL_RCCEx_PeriphCLKConfig) for HAL_RCCEx_PeriphCLKConfig
    main.o(i.main) refers to stm32f1xx_hal.o(i.HAL_Init) for HAL_Init
    main.o(i.main) refers to main.o(i.SystemClock_Config) for SystemClock_Config
    main.o(i.main) refers to gpio.o(i.MX_GPIO_Init) for MX_GPIO_Init
    main.o(i.main) refers to dma.o(i.MX_DMA_Init) for MX_DMA_Init
    main.o(i.main) refers to usart.o(i.MX_USART2_UART_Init) for MX_USART2_UART_Init
    main.o(i.main) refers to usart.o(i.MX_USART1_UART_Init) for MX_USART1_UART_Init
    main.o(i.main) refers to adc.o(i.MX_ADC1_Init) for MX_ADC1_Init
    main.o(i.main) refers to tim.o(i.MX_TIM3_Init) for MX_TIM3_Init
    main.o(i.main) refers to cmsis_os2.o(i.osKernelInitialize) for osKernelInitialize
    main.o(i.main) refers to freertos.o(i.MX_FREERTOS_Init) for MX_FREERTOS_Init
    main.o(i.main) refers to cmsis_os2.o(i.osKernelStart) for osKernelStart
    gpio.o(i.MX_GPIO_Init) refers to stm32f1xx_hal_gpio.o(i.HAL_GPIO_WritePin) for HAL_GPIO_WritePin
    gpio.o(i.MX_GPIO_Init) refers to stm32f1xx_hal_gpio.o(i.HAL_GPIO_Init) for HAL_GPIO_Init
    freertos.o(i.Joystick_start_Task) refers to stm32f1xx_hal_adc.o(i.HAL_ADC_Start_DMA) for HAL_ADC_Start_DMA
    freertos.o(i.Joystick_start_Task) refers to stm32f1xx_hal_tim.o(i.HAL_TIM_PWM_Start) for HAL_TIM_PWM_Start
    freertos.o(i.Joystick_start_Task) refers to cmsis_os2.o(i.osDelay) for osDelay
    freertos.o(i.Joystick_start_Task) refers to com_datapool.o(.data) for AdcBuf
    freertos.o(i.Joystick_start_Task) refers to adc.o(.bss) for hadc1
    freertos.o(i.Joystick_start_Task) refers to tim.o(.bss) for htim3
    freertos.o(i.MX_FREERTOS_Init) refers to cmsis_os2.o(i.osThreadNew) for osThreadNew
    freertos.o(i.MX_FREERTOS_Init) refers to freertos.o(.constdata) for .constdata
    freertos.o(i.MX_FREERTOS_Init) refers to freertos.o(i.StartDefaultTask) for StartDefaultTask
    freertos.o(i.MX_FREERTOS_Init) refers to freertos.o(.data) for .data
    freertos.o(i.MX_FREERTOS_Init) refers to freertos.o(i.display_start_Task) for display_start_Task
    freertos.o(i.MX_FREERTOS_Init) refers to freertos.o(i.Joystick_start_Task) for Joystick_start_Task
    freertos.o(i.StartDefaultTask) refers to cmsis_os2.o(i.osDelay) for osDelay
    freertos.o(i.display_start_Task) refers to app_display.o(i.App_Display_Start) for App_Display_Start
    freertos.o(i.display_start_Task) refers to app_display.o(i.App_Display_Show) for App_Display_Show
    freertos.o(i.display_start_Task) refers to cmsis_os2.o(i.osDelay) for osDelay
    freertos.o(.constdata) refers to freertos.o(.conststring) for .conststring
    adc.o(i.HAL_ADC_MspDeInit) refers to stm32f1xx_hal_gpio.o(i.HAL_GPIO_DeInit) for HAL_GPIO_DeInit
    adc.o(i.HAL_ADC_MspDeInit) refers to stm32f1xx_hal_dma.o(i.HAL_DMA_DeInit) for HAL_DMA_DeInit
    adc.o(i.HAL_ADC_MspInit) refers to stm32f1xx_hal_gpio.o(i.HAL_GPIO_Init) for HAL_GPIO_Init
[...]
    .ARM.Collect$$$$0000000D                 0x080000fc   Section        0  entry10a.o(.ARM.Collect$$$$0000000D)
    .ARM.Collect$$$$0000000F                 0x080000fc   Section        0  entry11a.o(.ARM.Collect$$$$0000000F)
    .ARM.Collect$$$$00002712                 0x080000fc   Section        4  entry2.o(.ARM.Collect$$$$00002712)
    __lit__00000000                          0x080000fc   Data           4  entry2.o(.ARM.Collect$$$$00002712)
    .emb_text                                0x08000100   Section      150  port.o(.emb_text)
    .text                                    0x08000198   Section       36  startup_stm32f103xb.o(.text)
    .text                                    0x080001bc   Section        0  memcpya.o(.text)
    .text                                    0x080001e0   Section        0  memseta.o(.text)
    .text                                    0x08000204   Section        0  uidiv.o(.text)
    .text                                    0x08000230   Section       36  init.o(.text)
    i.ADC_ConversionStop_Disable             0x08000254   Section        0  stm32f1xx_hal_adc.o(i.ADC_ConversionStop_Disable)
    i.ADC_DMAConvCplt                        0x080002aa   Section        0  stm32f1xx_hal_adc.o(i.ADC_DMAConvCplt)
    i.ADC_DMAError                           0x080002f8   Section        0  stm32f1xx_hal_adc.o(i.ADC_DMAError)
    i.ADC_DMAHalfConvCplt                    0x08000312   Section        0  stm32f1xx_hal_adc.o(i.ADC_DMAHalfConvCplt)
    i.ADC_Enable                             0x0800031c   Section        0  stm32f1xx_hal_adc.o(i.ADC_Enable)
    i.App_Display_Show                       0x08000398   Section        0  app_display.o(i.App_Display_Show)
    i.App_Display_Start                      0x0800043c   Section        0  app_display.o(i.App_Display_Start)
    i.BusFault_Handler                       0x08000480   Section        0  stm32f1xx_it.o(i.BusFault_Handler)
    i.DMA1_Channel1_IRQHandler               0x08000484   Section        0  stm32f1xx_it.o(i.DMA1_Channel1_IRQHandler)
    i.DMA_SetConfig                          0x08000490   Section        0  stm32f1xx_hal_dma.o(i.DMA_SetConfig)
    DMA_SetConfig                            0x08000491   Thumb Code    42  stm32f1xx_hal_dma.o(i.DMA_SetConfig)
    i.DebugMon_Handler                       0x080004ba   Section        0  stm32f1xx_it.o(i.DebugMon_Handler)
    i.Error_Handler                          0x080004bc   Section        0  main.o(i.Error_Handler)
    i.HAL_ADC_ConfigChannel                  0x080004c0   Section        0  stm32f1xx_hal_adc.o(i.HAL_ADC_ConfigChannel)
    i.HAL_ADC_ConvCpltCallback               0x080005bc   Section        0  stm32f1xx_hal_adc.o(i.HAL_ADC_ConvCpltCallback)
    i.HAL_ADC_ConvHalfCpltCallback           0x080005be   Section        0  stm32f1xx_hal_adc.o(i.HAL_ADC_ConvHalfCpltCallback)
    i.HAL_ADC_ErrorCallback                  0x080005c0   Section        0  stm32f1xx_hal_adc.o(i.HAL_ADC_ErrorCallback)
    i.HAL_ADC_Init                           0x080005c4   Section        0  stm32f1xx_hal_adc.o(i.HAL_ADC_Init)
    i.HAL_ADC_MspInit                        0x080006e0   Section        0  adc.o(i.HAL_ADC_MspInit)
    i.HAL_ADC_Start_DMA                      0x0800076c   Section        0  stm32f1xx_hal_adc.o(i.HAL_ADC_Start_DMA)
    i.HAL_DMA_Abort                          0x08000878   Section        0  stm32f1xx_hal_dma.o(i.HAL_DMA_Abort)
    i.HAL_DMA_Abort_IT                       0x080008c0   Section        0  stm32f1xx_hal_dma.o(i.HAL_DMA_Abort_IT)
    i.HAL_DMA_IRQHandler                     0x08000958   Section        0  stm32f1xx_hal_dma.o(i.HAL_DMA_IRQHandler)
    i.HAL_DMA_Init                           0x08000aac   Section        0  stm32f1xx_hal_dma.o(i.HAL_DMA_Init)
    i.HAL_DMA_Start_IT                       0x08000b08   Section        0  stm32f1xx_hal_dma.o(i.HAL_DMA_Start_IT)
    i.HAL_GPIO_Init                          0x08000b78   Section        0  stm32f1xx_hal_gpio.o(i.HAL_GPIO_Init)
    i.HAL_GPIO_WritePin                      0x08000d58   Section        0  stm32f1xx_hal_gpio.o(i.HAL_GPIO_WritePin)
    i.HAL_GetTick                            0x08000d64   Section        0  stm32f1xx_hal.o(i.HAL_GetTick)
    i.HAL_IncTick                            0x08000d70   Section        0  stm32f1xx_hal.o(i.HAL_IncTick)
    i.HAL_Init                               0x08000d80   Section        0  stm32f1xx_hal.o(i.HAL_Init)
    i.HAL_InitTick                           0x08000da4   Section        0  stm32f1xx_hal_timebase_tim.o(i.HAL_InitTick)
    i.HAL_MspInit                            0x08000e30   Section        0  stm32f1xx_hal_msp.o(i.HAL_MspInit)
    i.HAL_NVIC_EnableIRQ                     0x08000e78   Section        0  stm32f1xx_hal_cortex.o(i.HAL_NVIC_EnableIRQ)
    i.HAL_NVIC_SetPriority                   0x08000e94   Section        0  stm32f1xx_hal_cortex.o(i.HAL_NVIC_SetPriority)
    i.HAL_NVIC_SetPriorityGrouping           0x08000ed4   Section        0  stm32f1xx_hal_cortex.o(i.HAL_NVIC_SetPriorityGrouping)
    i.HAL_RCCEx_PeriphCLKConfig              0x08000ef8   Section        0  stm32f1xx_hal_rcc_ex.o(i.HAL_RCCEx_PeriphCLKConfig)
    i.HAL_RCC_ClockConfig                    0x08000fe4   Section        0  stm32f1xx_hal_rcc.o(i.HAL_RCC_ClockConfig)
    i.HAL_RCC_GetClockConfig                 0x08001110   Section        0  stm32f1xx_hal_rcc.o(i.HAL_RCC_GetClockConfig)
    i.HAL_RCC_GetPCLK1Freq                   0x08001150   Section        0  stm32f1xx_hal_rcc.o(i.HAL_RCC_GetPCLK1Freq)
    i.HAL_RCC_GetPCLK2Freq                   0x08001170   Section        0  stm32f1xx_hal_rcc.o(i.HAL_RCC_GetPCLK2Freq)
    i.HAL_RCC_GetSysClockFreq                0x08001190   Section        0  stm32f1xx_hal_rcc.o(i.HAL_RCC_GetSysClockFreq)
    i.HAL_RCC_OscConfig                      0x080011dc   Section        0  stm32f1xx_hal_rcc.o(i.HAL_RCC_OscConfig)
    i.HAL_TIMEx_BreakCallback                0x080014fc   Section        0  stm32f1xx_hal_tim_ex.o(i.HAL_TIMEx_BreakCallback)
    i.HAL_TIMEx_CommutCallback               0x080014fe   Section        0  stm32f1xx_hal_tim_ex.o(i.HAL_TIMEx_CommutCallback)
    i.HAL_TIMEx_MasterConfigSynchronization  0x08001500   Section        0  stm32f1xx_hal_tim_ex.o(i.HAL_TIMEx_MasterConfigSynchronization)
    i.HAL_TIM_Base_Init                      0x08001568   Section        0  stm32f1xx_hal_tim.o(i.HAL_TIM_Base_Init)
    i.HAL_TIM_Base_MspInit                   0x080015c2   Section        0  stm32f1xx_hal_tim.o(i.HAL_TIM_Base_MspInit)
    i.HAL_TIM_Base_Start_IT                  0x080015c4   Section        0  stm32f1xx_hal_tim.o(i.HAL_TIM_Base_Start_IT)
    i.HAL_TIM_IC_CaptureCallback             0x0800161c   Section        0  stm32f1xx_hal_tim.o(i.HAL_TIM_IC_CaptureCallback)
    i.HAL_TIM_IRQHandler                     0x0800161e   Section        0  stm32f1xx_hal_tim.o(i.HAL_TIM_IRQHandler)
    i.HAL_TIM_OC_DelayElapsedCallback        0x0800174e   Section        0  stm32f1xx_hal_tim.o(i.HAL_TIM_OC_DelayElapsedCallback)
    i.HAL_TIM_PWM_ConfigChannel              0x08001750   Section        0  stm32f1xx_hal_tim.o(i.HAL_TIM_PWM_ConfigChannel)
    i.HAL_TIM_PWM_Init                       0x0800181c   Section        0  stm32f1xx_hal_tim.o(i.HAL_TIM_PWM_Init)
    i.HAL_TIM_PWM_MspInit                    0x08001878   Section        0  tim.o(i.HAL_TIM_PWM_MspInit)
    i.HAL_TIM_PWM_PulseFinishedCallback      0x080018a0   Section        0  stm32f1xx_hal_tim.o(i.HAL_TIM_PWM_PulseFinishedCallback)
    i.HAL_TIM_PWM_Start                      0x080018a4   Section        0  stm32f1xx_hal_tim.o(i.HAL_TIM_PWM_Start)
    i.HAL_TIM_PeriodElapsedCallback          0x08001940   Section        0  main.o(i.HAL_TIM_PeriodElapsedCallback)
    i.HAL_TIM_TriggerCallback                0x08001954   Section        0  stm32f1xx_hal_tim.o(i.HAL_TIM_TriggerCallback)
    i.HAL_UARTEx_RxEventCallback             0x08001956   Section        0  stm32f1xx_hal_uart.o(i.HAL_UARTEx_RxEventCallback)
    i.HAL_UART_ErrorCallback                 0x08001958   Section        0  stm32f1xx_hal_uart.o(i.HAL_UART_ErrorCallback)
    i.HAL_UART_IRQHandler                    0x0800195c   Section        0  stm32f1xx_hal_uart.o(i.HAL_UART_IRQHandler)
    i.HAL_UART_Init                          0x08001bc8   Section        0  stm32f1xx_hal_uart.o(i.HAL_UART_Init)
    i.HAL_UART_MspInit                       0x08001c2c   Section        0  usart.o(i.HAL_UART_MspInit)
    i.HAL_UART_Receive_IT                    0x08001cf8   Section        0  stm32f1xx_hal_uart.o(i.HAL_UART_Receive_IT)
    i.HAL_UART_RxCpltCallback                0x08001d14   Section        0  tjc_usart_hmi.o(i.HAL_UART_RxCpltCallback)
    i.HAL_UART_Transmit                      0x08001d44   Section        0  stm32f1xx_hal_uart.o(i.HAL_UART_Transmit)
    i.HAL_UART_TxCpltCallback                0x08001de4   Section        0  stm32f1xx_hal_uart.o(i.HAL_UART_TxCpltCallback)
    i.HardFault_Handler                      0x08001de6   Section        0  stm32f1xx_it.o(i.HardFault_Handler)
    i.Joystick_start_Task                    0x08001de8   Section        0  freertos.o(i.Joystick_start_Task)
    i.MX_ADC1_Init                           0x08001e18   Section        0  adc.o(i.MX_ADC1_Init)
    i.MX_DMA_Init                            0x08001e78   Section        0  dma.o(i.MX_DMA_Init)
    i.MX_FREERTOS_Init                       0x08001ea4   Section        0  freertos.o(i.MX_FREERTOS_Init)
    i.MX_GPIO_Init                           0x08001ee8   Section        0  gpio.o(i.MX_GPIO_Init)
    i.MX_TIM3_Init                           0x08001f58   Section        0  tim.o(i.MX_TIM3_Init)
    i.MX_USART1_UART_Init                    0x08001fc8   Section        0  usart.o(i.MX_USART1_UART_Init)
    i.MX_USART2_UART_Init                    0x08002000   Section        0  usart.o(i.MX_USART2_UART_Init)
    i.MemManage_Handler                      0x08002038   Section        0  stm32f1xx_it.o(i.MemManage_Handler)
    i.NMI_Handler                            0x0800203a   Section        0  stm32f1xx_it.o(i.NMI_Handler)
    i.StartDefaultTask                       0x0800203c   Section        0  freertos.o(i.StartDefaultTask)
    i.SysTick_Handler                        0x08002044   Section        0  cmsis_os2.o(i.SysTick_Handler)
    i.SystemClock_Config                     0x0800205e   Section        0  main.o(i.SystemClock_Config)
    i.SystemInit                             0x080020d6   Section        0  system_stm32f1xx.o(i.SystemInit)
    i.TIM1_UP_IRQHandler                     0x080020d8   Section        0  stm32f1xx_it.o(i.TIM1_UP_IRQHandler)
    i.TIM_Base_SetConfig                     0x080020e4   Section        0  stm32f1xx_hal_tim.o(i.TIM_Base_SetConfig)
    i.TIM_CCxChannelCmd                      0x0800215c   Section        0  stm32f1xx_hal_tim.o(i.TIM_CCxChannelCmd)
    i.TIM_OC1_SetConfig                      0x08002178   Section        0  stm32f1xx_hal_tim.o(i.TIM_OC1_SetConfig)
    TIM_OC1_SetConfig                        0x08002179   Thumb Code    74  stm32f1xx_hal_tim.o(i.TIM_OC1_SetConfig)
    i.TIM_OC2_SetConfig                      0x080021c8   Section        0  stm32f1xx_hal_tim.o(i.TIM_OC2_SetConfig)
    i.TIM_OC3_SetConfig                      0x08002220   Section        0  stm32f1xx_hal_tim.o(i.TIM_OC3_SetConfig)
    TIM_OC3_SetConfig                        0x08002221   Thumb Code    82  stm32f1xx_hal_tim.o(i.TIM_OC3_SetConfig)
    i.TIM_OC4_SetConfig                      0x08002278   Section        0  stm32f1xx_hal_tim.o(i.TIM_OC4_SetConfig)
    TIM_OC4_SetConfig                        0x08002279   Thumb Code    64  stm32f1xx_hal_tim.o(i.TIM_OC4_SetConfig)
    i.UART_DMAAbortOnError                   0x080022bc   Section        0  stm32f1xx_hal_uart.o(i.UART_DMAAbortOnError)
    UART_DMAAbortOnError                     0x080022bd   Thumb Code    16  stm32f1xx_hal_uart.o(i.UART_DMAAbortOnError)
    i.UART_EndRxTransfer                     0x080022cc   Section        0  stm32f1xx_hal_uart.o(i.UART_EndRxTransfer)
    UART_EndRxTransfer                       0x080022cd   Thumb Code    78  stm32f1xx_hal_uart.o(i.UART_EndRxTransfer)
    i.UART_Receive_IT                        0x0800231a   Section        0  stm32f1xx_hal_uart.o(i.UART_Receive_IT)
    UART_Receive_IT                          0x0800231b   Thumb Code   194  stm32f1xx_hal_uart.o(i.UART_Receive_IT)
    i.UART_SetConfig                         0x080023dc   Section        0  stm32f1xx_hal_uart.o(i.UART_SetConfig)
    UART_SetConfig                           0x080023dd   Thumb Code   178  stm32f1xx_hal_uart.o(i.UART_SetConfig)
    i.UART_Start_Receive_IT                  0x08002494   Section        0  stm32f1xx_hal_uart.o(i.UART_Start_Receive_IT)
    i.UART_WaitOnFlagUntilTimeout            0x080024ca   Section        0  stm32f1xx_hal_uart.o(i.UART_WaitOnFlagUntilTimeout)
    UART_WaitOnFlagUntilTimeout              0x080024cb   Thumb Code   114  stm32f1xx_hal_uart.o(i.UART_WaitOnFlagUntilTimeout)
    i.USART2_IRQHandler                      0x0800253c   Section        0  stm32f1xx_it.o(i.USART2_IRQHandler)
    i.UsageFault_Handler                     0x08002548   Section        0  stm32f1xx_it.o(i.UsageFault_Handler)
    i.__0printf$3                            0x0800254c   Section        0  printf3.o(i.__0printf$3)
    i.__0sprintf$3                           0x0800256c   Section        0  printf3.o(i.__0sprintf$3)
    i.__NVIC_SetPriority                     0x08002594   Section        0  stm32f1xx_hal_cortex.o(i.__NVIC_SetPriority)
    __NVIC_SetPriority                       0x08002595   Thumb Code    32  stm32f1xx_hal_cortex.o(i.__NVIC_SetPriority)
    i.__scatterload_copy                     0x080025b4   Section       14  handlers.o(i.__scatterload_copy)
    i.__scatterload_null                     0x080025c2   Section        2  handlers.o(i.__scatterload_null)
    i.__scatterload_zeroinit                 0x080025c4   Section       14  handlers.o(i.__scatterload_zeroinit)
    i._printf_core                           0x080025d4   Section        0  printf3.o(i._printf_core)
    _printf_core                             0x080025d5   Thumb Code   436  printf3.o(i._printf_core)
    i._sputc                                 0x0800278c   Section        0  printf3.o(i._sputc)
    _sputc                                   0x0800278d   Thumb Code    10  printf3.o(i._sputc)
    i.display_start_Task                     0x08002796   Section        0  freertos.o(i.display_start_Task)
    i.fputc                                  0x080027a8   Section        0  com_debug.o(i.fputc)
    i.initRingBuffer                         0x080027c0   Section        0  tjc_usart_hmi.o(i.initRingBuffer)
    i.main                                   0x080027d0   Section        0  main.o(i.main)
    i.osDelay                                0x080027fe   Section        0  cmsis_os2.o(i.osDelay)
    i.osKernelInitialize                     0x08002818   Section        0  cmsis_os2.o(i.osKernelInitialize)
    i.osKernelStart                          0x0800283c   Section        0  cmsis_os2.o(i.osKernelStart)
    i.osThreadNew                            0x08002874   Section        0  cmsis_os2.o(i.osThreadNew)
    i.prvAddCurrentTaskToDelayedList         0x08002900   Section        0  tasks.o(i.prvAddCurrentTaskToDelayedList)
    prvAddCurrentTaskToDelayedList           0x08002901   Thumb Code    84  tasks.o(i.prvAddCurrentTaskToDelayedList)
    i.prvAddNewTaskToReadyList               0x0800295c   Section        0  tasks.o(i.prvAddNewTaskToReadyList)
    prvAddNewTaskToReadyList                 0x0800295d   Thumb Code   190  tasks.o(i.prvAddNewTaskToReadyList)
    i.prvCheckForValidListAndQueue           0x08002a2c   Section        0  timers.o(i.prvCheckForValidListAndQueue)
    prvCheckForValidListAndQueue             0x08002a2d   Thumb Code    72  timers.o(i.prvCheckForValidListAndQueue)
    i.prvCopyDataFromQueue                   0x08002a84   Section        0  queue.o(i.prvCopyDataFromQueue)
    prvCopyDataFromQueue                     0x08002a85   Thumb Code    38  queue.o(i.prvCopyDataFromQueue)
    i.prvCopyDataToQueue                     0x08002aaa   Section        0  queue.o(i.prvCopyDataToQueue)
    prvCopyDataToQueue                       0x08002aab   Thumb Code   108  queue.o(i.prvCopyDataToQueue)
    i.prvDeleteTCB                           0x08002b16   Section        0  tasks.o(i.prvDeleteTCB)
    prvDeleteTCB                             0x08002b17   Thumb Code    52  tasks.o(i.prvDeleteTCB)
    i.prvHeapInit                            0x08002b4c   Section        0  heap_4.o(i.prvHeapInit)
    prvHeapInit                              0x08002b4d   Thumb Code    66  heap_4.o(i.prvHeapInit)
    i.prvIdleTask                            0x08002b98   Section        0  tasks.o(i.prvIdleTask)
    prvIdleTask                              0x08002b99   Thumb Code    82  tasks.o(i.prvIdleTask)
    i.prvInitialiseNewQueue                  0x08002bf8   Section        0  queue.o(i.prvInitialiseNewQueue)
    prvInitialiseNewQueue                    0x08002bf9   Thumb Code    34  queue.o(i.prvInitialiseNewQueue)
    i.prvInitialiseNewTask                   0x08002c1c   Section        0  tasks.o(i.prvInitialiseNewTask)
    prvInitialiseNewTask                     0x08002c1d   Thumb Code   176  tasks.o(i.prvInitialiseNewTask)
    i.prvInsertBlockIntoFreeList             0x08002ccc   Section        0  heap_4.o(i.prvInsertBlockIntoFreeList)
    prvInsertBlockIntoFreeList               0x08002ccd   Thumb Code    72  heap_4.o(i.prvInsertBlockIntoFreeList)
    i.prvInsertTimerInActiveList             0x08002d18   Section        0  timers.o(i.prvInsertTimerInActiveList)
    prvInsertTimerInActiveList               0x08002d19   Thumb Code    52  timers.o(i.prvInsertTimerInActiveList)
    i.prvIsQueueEmpty                        0x08002d50   Section        0  queue.o(i.prvIsQueueEmpty)
    prvIsQueueEmpty                          0x08002d51   Thumb Code    28  queue.o(i.prvIsQueueEmpty)
    i.prvProcessReceivedCommands             0x08002d6c   Section        0  timers.o(i.prvProcessReceivedCommands)
    prvProcessReceivedCommands               0x08002d6d   Thumb Code   248  timers.o(i.prvProcessReceivedCommands)
    i.prvProcessTimerOrBlockTask             0x08002e68   Section        0  timers.o(i.prvProcessTimerOrBlockTask)
    prvProcessTimerOrBlockTask               0x08002e69   Thumb Code   182  timers.o(i.prvProcessTimerOrBlockTask)
    i.prvResetNextTaskUnblockTime            0x08002f28   Section        0  tasks.o(i.prvResetNextTaskUnblockTime)
    prvResetNextTaskUnblockTime              0x08002f29   Thumb Code    26  tasks.o(i.prvResetNextTaskUnblockTime)
    i.prvSampleTimeNow                       0x08002f48   Section        0  timers.o(i.prvSampleTimeNow)
    prvSampleTimeNow                         0x08002f49   Thumb Code    36  timers.o(i.prvSampleTimeNow)
    i.prvSwitchTimerLists                    0x08002f70   Section        0  timers.o(i.prvSwitchTimerLists)
    prvSwitchTimerLists                      0x08002f71   Thumb Code   104  timers.o(i.prvSwitchTimerLists)
    i.prvTaskExitError                       0x08002fdc   Section        0  port.o(i.prvTaskExitError)
    prvTaskExitError                         0x08002fdd   Thumb Code    36  port.o(i.prvTaskExitError)
    i.prvTimerTask                           0x08003004   Section        0  timers.o(i.prvTimerTask)
    prvTimerTask                             0x08003005   Thumb Code    32  timers.o(i.prvTimerTask)
    i.prvUnlockQueue                         0x08003028   Section        0  queue.o(i.prvUnlockQueue)
    prvUnlockQueue                           0x08003029   Thumb Code   106  queue.o(i.prvUnlockQueue)
    i.pvPortMalloc                           0x08003094   Section        0  heap_4.o(i.pvPortMalloc)
    i.pxPortInitialiseStack                  0x08003170   Section        0  port.o(i.pxPortInitialiseStack)
    i.tjc_send_string                        0x08003194   Section        0  tjc_usart_hmi.o(i.tjc_send_string)
    i.uart_send_char                         0x080031c0   Section        0  tjc_usart_hmi.o(i.uart_send_char)
    i.uxListRemove                           0x080031d8   Section        0  list.o(i.uxListRemove)
    i.vApplicationGetIdleTaskMemory          0x08003200   Section        0  cmsis_os2.o(i.vApplicationGetIdleTaskMemory)
    i.vApplicationGetTimerTaskMemory         0x08003214   Section        0  cmsis_os2.o(i.vApplicationGetTimerTaskMemory)
    i.vListInitialise                        0x0800322c   Section        0  list.o(i.vListInitialise)
    i.vListInitialiseItem                    0x08003242   Section        0  list.o(i.vListInitialiseItem)
    i.vListInsert                            0x08003248   Section        0  list.o(i.vListInsert)
    i.vListInsertEnd                         0x08003278   Section        0  list.o(i.vListInsertEnd)
    i.vPortEnterCritical                     0x08003290   Section        0  port.o(i.vPortEnterCritical)
    i.vPortExitCritical                      0x080032d0   Section        0  port.o(i.vPortExitCritical)
    i.vPortFree                              0x080032f8   Section        0  heap_4.o(i.vPortFree)
    i.vPortSetupTimerInterrupt               0x0800335c   Section        0  port.o(i.vPortSetupTimerInterrupt)
    i.vPortValidateInterruptPriority         0x08003380   Section        0  port.o(i.vPortValidateInterruptPriority)
    i.vQueueAddToRegistry                    0x080033d4   Section        0  queue.o(i.vQueueAddToRegistry)
    i.vQueueWaitForMessageRestricted         0x080033fc   Section        0  queue.o(i.vQueueWaitForMessageRestricted)
    i.vTaskDelay                             0x08003440   Section        0  tasks.o(i.vTaskDelay)
    i.vTaskInternalSetTimeOutState           0x0800348c   Section        0  tasks.o(i.vTaskInternalSetTimeOutState)
    i.vTaskMissedYield                       0x0800349c   Section        0  tasks.o(i.vTaskMissedYield)
    i.vTaskPlaceOnEventList                  0x080034a8   Section        0  tasks.o(i.vTaskPlaceOnEventList)
    i.vTaskPlaceOnEventListRestricted        0x080034d8   Section        0  tasks.o(i.vTaskPlaceOnEventListRestricted)
    i.vTaskStartScheduler                    0x08003510   Section        0  tasks.o(i.vTaskStartScheduler)
    i.vTaskSuspendAll                        0x08003598   Section        0  tasks.o(i.vTaskSuspendAll)
    i.vTaskSwitchContext                     0x080035a8   Section        0  tasks.o(i.vTaskSwitchContext)
    i.write1ByteToRingBuffer                 0x0800360c   Section        0  tjc_usart_hmi.o(i.write1ByteToRingBuffer)
    i.xPortStartScheduler                    0x0800363c   Section        0  port.o(i.xPortStartScheduler)
    i.xPortSysTickHandler                    0x080036e4   Section        0  port.o(i.xPortSysTickHandler)
    i.xQueueGenericCreateStatic              0x08003710   Section        0  queue.o(i.xQueueGenericCreateStatic)
    i.xQueueGenericReset                     0x08003778   Section        0  queue.o(i.xQueueGenericReset)
    i.xQueueGenericSend                      0x08003800   Section        0  queue.o(i.xQueueGenericSend)
    i.xQueueGenericSendFromISR               0x08003960   Section        0  queue.o(i.xQueueGenericSendFromISR)
    i.xQueueReceive                          0x08003a20   Section        0  queue.o(i.xQueueReceive)
    i.xTaskCheckForTimeOut                   0x08003b58   Section        0  tasks.o(i.xTaskCheckForTimeOut)
    i.xTaskCreate                            0x08003bcc   Section        0  tasks.o(i.xTaskCreate)
    i.xTaskCreateStatic                      0x08003c26   Section        0  tasks.o(i.xTaskCreateStatic)
    i.xTaskGetSchedulerState                 0x08003c7c   Section        0  tasks.o(i.xTaskGetSchedulerState)
    i.xTaskGetTickCount                      0x08003c98   Section        0  tasks.o(i.xTaskGetTickCount)
    i.xTaskIncrementTick                     0x08003ca4   Section        0  tasks.o(i.xTaskIncrementTick)
    i.xTaskPriorityDisinherit                0x08003d6c   Section        0  tasks.o(i.xTaskPriorityDisinherit)
    i.xTaskRemoveFromEventList               0x08003dec   Section        0  tasks.o(i.xTaskRemoveFromEventList)
    i.xTaskResumeAll                         0x08003e5c   Section        0  tasks.o(i.xTaskResumeAll)
    i.xTimerCreateTimerTask                  0x08003f20   Section        0  timers.o(i.xTimerCreateTimerTask)
    i.xTimerGenericCommand                   0x08003f80   Section        0  timers.o(i.xTimerGenericCommand)
    .constdata                               0x08003fe8   Section      108  freertos.o(.constdata)
    .constdata                               0x08004054   Section       18  stm32f1xx_hal_rcc.o(.constdata)
    aPredivFactorTable                       0x08004054   Data           2  stm32f1xx_hal_rcc.o(.constdata)
    aPLLMULFactorTable                       0x08004056   Data          16  stm32f1xx_hal_rcc.o(.constdata)
    .constdata                               0x08004066   Section       16  system_stm32f1xx.o(.constdata)
    .constdata                               0x08004076   Section        8  system_stm32f1xx.o(.constdata)
    .conststring                             0x08004080   Section       44  freertos.o(.conststring)
    .data                                    0x20000000   Section       12  freertos.o(.data)
    .data                                    0x2000000c   Section       12  stm32f1xx_hal.o(.data)
    .data                                    0x20000018   Section        4  system_stm32f1xx.o(.data)
    .data                                    0x2000001c   Section        1  tjc_usart_hmi.o(.data)
    .data                                    0x20000020   Section        4  app_display.o(.data)
    nowtime                                  0x20000020   Data           4  app_display.o(.data)
    .data                                    0x20000024   Section        4  com_datapool.o(.data)
    .data                                    0x20000028   Section       60  tasks.o(.data)
    uxDeletedTasksWaitingCleanUp             0x2000002c   Data           4  tasks.o(.data)
    uxCurrentNumberOfTasks                   0x20000030   Data           4  tasks.o(.data)
    xTickCount                               0x20000034   Data           4  tasks.o(.data)
    uxTopReadyPriority                       0x20000038   Data           4  tasks.o(.data)
    xSchedulerRunning                        0x2000003c   Data           4  tasks.o(.data)
    xPendedTicks                             0x20000040   Data           4  tasks.o(.data)
    xYieldPending                            0x20000044   Data           4  tasks.o(.data)
    xNumOfOverflows                          0x20000048   Data           4  tasks.o(.data)
    uxTaskNumber                             0x2000004c   Data           4  tasks.o(.data)
    xNextTaskUnblockTime                     0x20000050   Data           4  tasks.o(.data)
    xIdleTaskHandle                          0x20000054   Data           4  tasks.o(.data)
    uxSchedulerSuspended                     0x20000058   Data           4  tasks.o(.data)
    pxDelayedTaskList                        0x2000005c   Data           4  tasks.o(.data)
    pxOverflowDelayedTaskList                0x20000060   Data           4  tasks.o(.data)
    .data                                    0x20000064   Section       20  timers.o(.data)
    xTimerQueue                              0x20000064   Data           4  timers.o(.data)
    xTimerTaskHandle                         0x20000068   Data           4  timers.o(.data)
    xLastTime                                0x2000006c   Data           4  timers.o(.data)
    pxCurrentTimerList                       0x20000070   Data           4  timers.o(.data)
    pxOverflowTimerList                      0x20000074   Data           4  timers.o(.data)
    .data                                    0x20000078   Section        4  cmsis_os2.o(.data)
    KernelState                              0x20000078   Data           4  cmsis_os2.o(.data)
    .data                                    0x2000007c   Section       32  heap_4.o(.data)
    pxEnd                                    0x2000007c   Data           4  heap_4.o(.data)
    xFreeBytesRemaining                      0x20000080   Data           4  heap_4.o(.data)
    xMinimumEverFreeBytesRemaining           0x20000084   Data           4  heap_4.o(.data)
    xNumberOfSuccessfulAllocations           0x20000088   Data           4  heap_4.o(.data)
    xNumberOfSuccessfulFrees                 0x2000008c   Data           4  heap_4.o(.data)
    xBlockAllocatedBit                       0x20000090   Data           4  heap_4.o(.data)
    xStart                                   0x20000094   Data           8  heap_4.o(.data)
    .data                                    0x2000009c   Section       12  port.o(.data)
    ucMaxSysCallPriority                     0x2000009c   Data           1  port.o(.data)
    uxCriticalNesting                        0x200000a0   Data           4  port.o(.data)
    ulMaxPRIGROUPValue                       0x200000a4   Data           4  port.o(.data)
    .data                                    0x200000a8   Section        4  stdout.o(.data)
    .bss                                     0x200000ac   Section      116  adc.o(.bss)
    .bss                                     0x20000120   Section       72  tim.o(.bss)
    .bss                                     0x20000168   Section      144  usart.o(.bss)
    .bss                                     0x200001f8   Section       72  stm32f1xx_hal_timebase_tim.o(.bss)
    .bss                                     0x20000240   Section      506  tjc_usart_hmi.o(.bss)
    .bss                                     0x2000043a   Section      100  app_display.o(.bss)
    str                                      0x2000043a   Data         100  app_display.o(.bss)
    .bss                                     0x200004a0   Section       64  queue.o(.bss)
    .bss                                     0x200004e0   Section     1220  tasks.o(.bss)
    pxReadyTasksLists                        0x200004e0   Data        1120  tasks.o(.bss)
    xDelayedTaskList1                        0x20000940   Data          20  tasks.o(.bss)
    xDelayedTaskList2                        0x20000954   Data          20  tasks.o(.bss)
    xPendingReadyList                        0x20000968   Data          20  tasks.o(.bss)
    xTasksWaitingTermination                 0x2000097c   Data          20  tasks.o(.bss)
    xSuspendedTaskList                       0x20000990   Data          20  tasks.o(.bss)
    .bss                                     0x200009a4   Section      280  timers.o(.bss)
    xStaticTimerQueue                        0x200009a4   Data          80  timers.o(.bss)
    ucStaticTimerQueueStorage                0x200009f4   Data         160  timers.o(.bss)
    xActiveTimerList1                        0x20000a94   Data          20  timers.o(.bss)
    xActiveTimerList2                        0x20000aa8   Data          20  timers.o(.bss)
    .bss                                     0x20000abc   Section     1720  cmsis_os2.o(.bss)
    Idle_TCB                                 0x20000abc   Data          92  cmsis_os2.o(.bss)
    Idle_Stack                               0x20000b18   Data         512  cmsis_os2.o(.bss)
    Timer_TCB                                0x20000d18   Data          92  cmsis_os2.o(.bss)
    Timer_Stack                              0x20000d74   Data        1024  cmsis_os2.o(.bss)
    .bss                                     0x20001174   Section     3072  heap_4.o(.bss)
    ucHeap                                   0x20001174   Data        3072  heap_4.o(.bss)
    STACK                                    0x20001d78   Section     1024  startup_stm32f103xb.o(STACK)

    Global Symbols

    Symbol Name                              Value     Ov Type        Size  Object(Section)

    BuildAttributes$$THM_ISAv4$P$D$K$B$S$PE$A:L22UL41UL21$X:L11$S22US41US21$IEEE1$IW$USESV6$~STKCKD$USESV7$~SHL$OSPACE$ROPI$EBA8$MICROLIB$REQ8$PRES8$EABIv2 0x00000000   Number         0  anon$$obj.o ABSOLUTE
    __ARM_use_no_argv                        0x00000000   Number         0  main.o ABSOLUTE
    _printf_a                                0x00000000   Number         0  stubs.o ABSOLUTE
    _printf_c                                0x00000000   Number         0  stubs.o ABSOLUTE
    _printf_charcount                        0x00000000   Number         0  stubs.o ABSOLUTE
    _printf_d                                0x00000000   Number         0  stubs.o ABSOLUTE
    _printf_e                                0x00000000   Number         0  stubs.o ABSOLUTE
    _printf_f                                0x00000000   Number         0  stubs.o ABSOLUTE
    _printf_flags                            0x00000000   Number         0  stubs.o ABSOLUTE
    _printf_fp_dec                           0x00000000   Number         0  stubs.o ABSOLUTE
    _printf_fp_hex                           0x00000000   Number         0  stubs.o ABSOLUTE
    _printf_g                                0x00000000   Number         0  stubs.o ABSOLUTE
    _printf_i                                0x00000000   Number         0  stubs.o ABSOLUTE
    _printf_int_dec                          0x00000000   Number         0  stubs.o ABSOLUTE
    _printf_l                                0x00000000   Number         0  stubs.o ABSOLUTE
    _printf_lc                               0x00000000   Number         0  stubs.o ABSOLUTE
    _printf_ll                               0x00000000   Number         0  stubs.o ABSOLUTE
    _printf_lld                              0x00000000   Number         0  stubs.o ABSOLUTE
    _printf_lli                              0x00000000   Number         0  stubs.o ABSOLUTE
    _printf_llo                              0x00000000   Number         0  stubs.o ABSOLUTE
    _printf_llu                              0x00000000   Number         0  stubs.o ABSOLUTE
    _printf_llx                              0x00000000   Number         0  stubs.o ABSOLUTE
    _printf_longlong_dec                     0x00000000   Number         0  stubs.o ABSOLUTE
    _printf_longlong_hex                     0x00000000   Number         0  stubs.o ABSOLUTE
    _printf_longlong_oct                     0x00000000   Number         0  stubs.o ABSOLUTE
    _printf_ls                               0x00000000   Number         0  stubs.o ABSOLUTE
    _printf_mbtowc                           0x00000000   Number         0  stubs.o ABSOLUTE
    _printf_n                                0x00000000   Number         0  stubs.o ABSOLUTE
    _printf_o                                0x00000000   Number         0  stubs.o ABSOLUTE
    _printf_p                                0x00000000   Number         0  stubs.o ABSOLUTE
    _printf_percent                          0x00000000   Number         0  stubs.o ABSOLUTE
    _printf_pre_padding                      0x00000000   Number         0  stubs.o ABSOLUTE
    _printf_return_value                     0x00000000   Number         0  stubs.o ABSOLUTE
    _printf_s                                0x00000000   Number         0  stubs.o ABSOLUTE
    _printf_sizespec                         0x00000000   Number         0  stubs.o ABSOLUTE
    _printf_str                              0x00000000   Number         0  stubs.o ABSOLUTE
    _printf_truncate_signed                  0x00000000   Number         0  stubs.o ABSOLUTE
    _printf_truncate_unsigned                0x00000000   Number         0  stubs.o ABSOLUTE
    _printf_u                                0x00000000   Number         0  stubs.o ABSOLUTE
    _printf_wc                               0x00000000   Number         0  stubs.o ABSOLUTE
    _printf_wctomb                           0x00000000   Number         0  stubs.o ABSOLUTE
    _printf_widthprec                        0x00000000   Number         0  stubs.o ABSOLUTE
    _printf_x                                0x00000000   Number         0  stubs.o ABSOLUTE
    __cpp_initialize__aeabi_                  - Undefined Weak Reference
    __cxa_finalize                            - Undefined Weak Reference
    __decompress                              - Undefined Weak Reference
    _clock_init                               - Undefined Weak Reference
    _microlib_exit                            - Undefined Weak Reference
    __Vectors_Size                           0x000000ec   Number         0  startup_stm32f103xb.o ABSOLUTE
    __Vectors                                0x08000000   Data           4  startup_stm32f103xb.o(RESET)
    __Vectors_End                            0x080000ec   Data           0  startup_stm32f103xb.o(RESET)
    __main                                   0x080000ed   Thumb Code     0  entry.o(.ARM.Collect$$$$00000000)
    _main_stk                                0x080000ed   Thumb Code     0  entry2.o(.ARM.Collect$$$$00000001)
    _main_scatterload                        0x080000f1   Thumb Code     0  entry5.o(.ARM.Collect$$$$00000004)
    __main_after_scatterload                 0x080000f5   Thumb Code     0  entry5.o(.ARM.Collect$$$$00000004)
    _main_clock                              0x080000f5   Thumb Code     0  entry7b.o(.ARM.Collect$$$$00000008)
    _main_cpp_init                           0x080000f5   Thumb Code     0  entry8b.o(.ARM.Collect$$$$0000000A)
    _main_init                               0x080000f5   Thumb Code     0  entry9a.o(.ARM.Collect$$$$0000000B)
    __rt_final_cpp                           0x080000fd   Thumb Code     0  entry10a.o(.ARM.Collect$$$$0000000D)
    __rt_final_exit                          0x080000fd   Thumb Code     0  entry11a.o(.ARM.Collect$$$$0000000F)
    SVC_Handler                              0x08000101   Thumb Code    32  port.o(.emb_text)
    __asm___6_port_c_39a90d8d__prvStartFirstTask 0x08000125   Thumb Code    28  port.o(.emb_text)
    PendSV_Handler                           0x08000145   Thumb Code    72  port.o(.emb_text)
    vPortGetIPSR                             0x08000191   Thumb Code     6  port.o(.emb_text)
    Reset_Handler                            0x08000199   Thumb Code     8  startup_stm32f103xb.o(.text)
    ADC1_2_IRQHandler                        0x080001b3   Thumb Code     0  startup_stm32f103xb.o(.text)
    CAN1_RX1_IRQHandler                      0x080001b3   Thumb Code     0  startup_stm32f103xb.o(.text)
    CAN1_SCE_IRQHandler                      0x080001b3   Thumb Code     0  startup_stm32f103xb.o(.text)
    DMA1_Channel2_IRQHandler                 0x080001b3   Thumb Code     0  startup_stm32f103xb.o(.text)
    DMA1_Channel3_IRQHandler                 0x080001b3   Thumb Code     0  startup_stm32f103xb.o(.text)
    DMA1_Channel4_IRQHandler                 0x080001b3   Thumb Code     0  startup_stm32f103xb.o(.text)
    DMA1_Channel5_IRQHandler                 0x080001b3   Thumb Code     0  startup_stm32f103xb.o(.text)
    DMA1_Channel6_IRQHandler                 0x080001b3   Thumb Code     0  startup_stm32f103xb.o(.text)
    DMA1_Channel7_IRQHandler                 0x080001b3   Thumb Code     0  startup_stm32f103xb.o(.text)
    EXTI0_IRQHandler                         0x080001b3   Thumb Code     0  startup_stm32f103xb.o(.text)
    EXTI15_10_IRQHandler                     0x080001b3   Thumb Code     0  startup_stm32f103xb.o(.text)
    EXTI1_IRQHandler                         0x080001b3   Thumb Code     0  startup_stm32f103xb.o(.text)
    EXTI2_IRQHandler                         0x080001b3   Thumb Code     0  startup_stm32f103xb.o(.text)
    EXTI3_IRQHandler                         0x080001b3   Thumb Code     0  startup_stm32f103xb.o(.text)
    EXTI4_IRQHandler                         0x080001b3   Thumb Code     0  startup_stm32f103xb.o(.text)
    EXTI9_5_IRQHandler                       0x080001b3   Thumb Code     0  startup_stm32f103xb.o(.text)
    FLASH_IRQHandler                         0x080001b3   Thumb Code     0  startup_stm32f103xb.o(.text)
    I2C1_ER_IRQHandler                       0x080001b3   Thumb Code     0  startup_stm32f103xb.o(.text)
    I2C1_EV_IRQHandler                       0x080001b3   Thumb Code     0  startup_stm32f103xb.o(.text)
    I2C2_ER_IRQHandler                       0x080001b3   Thumb Code     0  startup_stm32f103xb.o(.text)
    I2C2_EV_IRQHandler                       0x080001b3   Thumb Code     0  startup_stm32f103xb.o(.text)
    PVD_IRQHandler                           0x080001b3   Thumb Code     0  startup_stm32f103xb.o(.text)
    RCC_IRQHandler                           0x080001b3   Thumb Code     0  startup_stm32f103xb.o(.text)
    RTC_Alarm_IRQHandler                     0x080001b3   Thumb Code     0  startup_stm32f103xb.o(.text)
    RTC_IRQHandler                           0x080001b3   Thumb Code     0  startup_stm32f103xb.o(.text)
    SPI1_IRQHandler                          0x080001b3   Thumb Code     0  startup_stm32f103xb.o(.text)
    SPI2_IRQHandler                          0x080001b3   Thumb Code     0  startup_stm32f103xb.o(.text)
    TAMPER_IRQHandler                        0x080001b3   Thumb Code     0  startup_stm32f103xb.o(.text)
    TIM1_BRK_IRQHandler                      0x080001b3   Thumb Code     0  startup_stm32f103xb.o(.text)
    TIM1_CC_IRQHandler                       0x080001b3   Thumb Code     0  startup_stm32f103xb.o(.text)
    TIM1_TRG_COM_IRQHandler                  0x080001b3   Thumb Code     0  startup_stm32f103xb.o(.text)
    TIM2_IRQHandler                          0x080001b3   Thumb Code     0  startup_stm32f103xb.o(.text)
    TIM3_IRQHandler                          0x080001b3   Thumb Code     0  startup_stm32f103xb.o(.text)
    TIM4_IRQHandler                          0x080001b3   Thumb Code     0  startup_stm32f103xb.o(.text)
    USART1_IRQHandler                        0x080001b3   Thumb Code     0  startup_stm32f103xb.o(.text)
    USART3_IRQHandler                        0x080001b3   Thumb Code     0  startup_stm32f103xb.o(.text)
    USBWakeUp_IRQHandler                     0x080001b3   Thumb Code     0  startup_stm32f103xb.o(.text)
    USB_HP_CAN1_TX_IRQHandler                0x080001b3   Thumb Code     0  startup_stm32f103xb.o(.text)
    USB_LP_CAN1_RX0_IRQHandler               0x080001b3   Thumb Code     0  startup_stm32f103xb.o(.text)
    WWDG_IRQHandler                          0x080001b3   Thumb Code     0  startup_stm32f103xb.o(.text)
    __aeabi_memcpy                           0x080001bd   Thumb Code    36  memcpya.o(.text)
    __aeabi_memcpy4                          0x080001bd   Thumb Code     0  memcpya.o(.text)
    __aeabi_memcpy8                          0x080001bd   Thumb Code     0  memcpya.o(.text)
    __aeabi_memset                           0x080001e1   Thumb Code    14  memseta.o(.text)
    __aeabi_memset4                          0x080001e1   Thumb Code     0  memseta.o(.text)
    __aeabi_memset8                          0x080001e1   Thumb Code     0  memseta.o(.text)
    __aeabi_memclr                           0x080001ef   Thumb Code     4  memseta.o(.text)
    __aeabi_memclr4                          0x080001ef   Thumb Code     0  memseta.o(.text)
    __aeabi_memclr8                          0x080001ef   Thumb Code     0  memseta.o(.text)
    memset                                   0x080001f3   Thumb Code    18  memseta.o(.text)
    __aeabi_uidiv                            0x08000205   Thumb Code     0  uidiv.o(.text)
    __aeabi_uidivmod                         0x08000205   Thumb Code    44  uidiv.o(.text)
    __scatterload                            0x08000231   Thumb Code    28  init.o(.text)
    __scatterload_rt2                        0x08000231   Thumb Code     0  init.o(.text)
    ADC_ConversionStop_Disable               0x08000255   Thumb Code    86  stm32f1xx_hal_adc.o(i.ADC_ConversionStop_Disable)
    ADC_DMAConvCplt                          0x080002ab   Thumb Code    78  stm32f1xx_hal_adc.o(i.ADC_DMAConvCplt)
    ADC_DMAError                             0x080002f9   Thumb Code    26  stm32f1xx_hal_adc.o(i.ADC_DMAError)
    ADC_DMAHalfConvCplt                      0x08000313   Thumb Code    10  stm32f1xx_hal_adc.o(i.ADC_DMAHalfConvCplt)
    ADC_Enable                               0x0800031d   Thumb Code   114  stm32f1xx_hal_adc.o(i.ADC_Enable)
    App_Display_Show                         0x08000399   Thumb Code    80  app_display.o(i.App_Display_Show)
    App_Display_Start                        0x0800043d   Thumb Code    34  app_display.o(i.App_Display_Start)
    BusFault_Handler                         0x08000481   Thumb Code     2  stm32f1xx_it.o(i.BusFault_Handler)
    DMA1_Channel1_IRQHandler                 0x08000485   Thumb Code     6  stm32f1xx_it.o(i.DMA1_Channel1_IRQHandler)
    DebugMon_Handler                         0x080004bb   Thumb Code     2  stm32f1xx_it.o(i.DebugMon_Handler)
    Error_Handler                            0x080004bd   Thumb Code     4  main.o(i.Error_Handler)
    HAL_ADC_ConfigChannel                    0x080004c1   Thumb Code   240  stm32f1xx_hal_adc.o(i.HAL_ADC_ConfigChannel)
    HAL_ADC_ConvCpltCallback                 0x080005bd   Thumb Code     2  stm32f1xx_hal_adc.o(i.HAL_ADC_ConvCpltCallback)
    HAL_ADC_ConvHalfCpltCallback             0x080005bf   Thumb Code     2  stm32f1xx_hal_adc.o(i.HAL_ADC_ConvHalfCpltCallback)
    HAL_ADC_ErrorCallback                    0x080005c1   Thumb Code     2  stm32f1xx_hal_adc.o(i.HAL_ADC_ErrorCallback)
    HAL_ADC_Init                             0x080005c5   Thumb Code   272  stm32f1xx_hal_adc.o(i.HAL_ADC_Init)
    HAL_ADC_MspInit                          0x080006e1   Thumb Code   120  adc.o(i.HAL_ADC_MspInit)
    HAL_ADC_Start_DMA                        0x0800076d   Thumb Code   246  stm32f1xx_hal_adc.o(i.HAL_ADC_Start_DMA)
    HAL_DMA_Abort                            0x08000879   Thumb Code    70  stm32f1xx_hal_dma.o(i.HAL_DMA_Abort)
    HAL_DMA_Abort_IT                         0x080008c1   Thumb Code   148  stm32f1xx_hal_dma.o(i.HAL_DMA_Abort_IT)
    HAL_DMA_IRQHandler                       0x08000959   Thumb Code   316  stm32f1xx_hal_dma.o(i.HAL_DMA_IRQHandler)
    HAL_DMA_Init                             0x08000aad   Thumb Code    84  stm32f1xx_hal_dma.o(i.HAL_DMA_Init)
    HAL_DMA_Start_IT                         0x08000b09   Thumb Code   112  stm32f1xx_hal_dma.o(i.HAL_DMA_Start_IT)
    HAL_GPIO_Init                            0x08000b79   Thumb Code   446  stm32f1xx_hal_gpio.o(i.HAL_GPIO_Init)
    HAL_GPIO_WritePin                        0x08000d59   Thumb Code    10  stm32f1xx_hal_gpio.o(i.HAL_GPIO_WritePin)
    HAL_GetTick                              0x08000d65   Thumb Code     6  stm32f1xx_hal.o(i.HAL_GetTick)
    HAL_IncTick                              0x08000d71   Thumb Code    12  stm32f1xx_hal.o(i.HAL_IncTick)
    HAL_Init                                 0x08000d81   Thumb Code    32  stm32f1xx_hal.o(i.HAL_Init)
    HAL_InitTick                             0x08000da5   Thumb Code   118  stm32f1xx_hal_timebase_tim.o(i.HAL_InitTick)
    HAL_MspInit                              0x08000e31   Thumb Code    62  stm32f1xx_hal_msp.o(i.HAL_MspInit)
    HAL_NVIC_EnableIRQ                       0x08000e79   Thumb Code    26  stm32f1xx_hal_cortex.o(i.HAL_NVIC_EnableIRQ)
    HAL_NVIC_SetPriority                     0x08000e95   Thumb Code    60  stm32f1xx_hal_cortex.o(i.HAL_NVIC_SetPriority)
    HAL_NVIC_SetPriorityGrouping             0x08000ed5   Thumb Code    26  stm32f1xx_hal_cortex.o(i.HAL_NVIC_SetPriorityGrouping)
    HAL_RCCEx_PeriphCLKConfig                0x08000ef9   Thumb Code   224  stm32f1xx_hal_rcc_ex.o(i.HAL_RCCEx_PeriphCLKConfig)
    HAL_RCC_ClockConfig                      0x08000fe5   Thumb Code   280  stm32f1xx_hal_rcc.o(i.HAL_RCC_ClockConfig)
    HAL_RCC_GetClockConfig                   0x08001111   Thumb Code    54  stm32f1xx_hal_rcc.o(i.HAL_RCC_GetClockConfig)
    HAL_RCC_GetPCLK1Freq                     0x08001151   Thumb Code    20  stm32f1xx_hal_rcc.o(i.HAL_RCC_GetPCLK1Freq)
    HAL_RCC_GetPCLK2Freq                     0x08001171   Thumb Code    20  stm32f1xx_hal_rcc.o(i.HAL_RCC_GetPCLK2Freq)
    HAL_RCC_GetSysClockFreq                  0x08001191   Thumb Code    58  stm32f1xx_hal_rcc.o(i.HAL_RCC_GetSysClockFreq)
    HAL_RCC_OscConfig                        0x080011dd   Thumb Code   778  stm32f1xx_hal_rcc.o(i.HAL_RCC_OscConfig)
    HAL_TIMEx_BreakCallback                  0x080014fd   Thumb Code     2  stm32f1xx_hal_tim_ex.o(i.HAL_TIMEx_BreakCallback)
    HAL_TIMEx_CommutCallback                 0x080014ff   Thumb Code     2  stm32f1xx_hal_tim_ex.o(i.HAL_TIMEx_CommutCallback)
    HAL_TIMEx_MasterConfigSynchronization    0x08001501   Thumb Code    92  stm32f1xx_hal_tim_ex.o(i.HAL_TIMEx_MasterConfigSynchronization)
    HAL_TIM_Base_Init                        0x08001569   Thumb Code    90  stm32f1xx_hal_tim.o(i.HAL_TIM_Base_Init)
    HAL_TIM_Base_MspInit                     0x080015c3   Thumb Code     2  stm32f1xx_hal_tim.o(i.HAL_TIM_Base_MspInit)
    HAL_TIM_Base_Start_IT                    0x080015c5   Thumb Code    76  stm32f1xx_hal_tim.o(i.HAL_TIM_Base_Start_IT)
    HAL_TIM_IC_CaptureCallback               0x0800161d   Thumb Code     2  stm32f1xx_hal_tim.o(i.HAL_TIM_IC_CaptureCallback)
    HAL_TIM_IRQHandler                       0x0800161f   Thumb Code   304  stm32f1xx_hal_tim.o(i.HAL_TIM_IRQHandler)
    HAL_TIM_OC_DelayElapsedCallback          0x0800174f   Thumb Code     2  stm32f1xx_hal_tim.o(i.HAL_TIM_OC_DelayElapsedCallback)
    HAL_TIM_PWM_ConfigChannel                0x08001751   Thumb Code   204  stm32f1xx_hal_tim.o(i.HAL_TIM_PWM_ConfigChannel)
    HAL_TIM_PWM_Init                         0x0800181d   Thumb Code    90  stm32f1xx_hal_tim.o(i.HAL_TIM_PWM_Init)
    HAL_TIM_PWM_MspInit                      0x08001879   Thumb Code    30  tim.o(i.HAL_TIM_PWM_MspInit)
    HAL_TIM_PWM_PulseFinishedCallback        0x080018a1   Thumb Code     2  stm32f1xx_hal_tim.o(i.HAL_TIM_PWM_PulseFinishedCallback)
    HAL_TIM_PWM_Start                        0x080018a5   Thumb Code   144  stm32f1xx_hal_tim.o(i.HAL_TIM_PWM_Start)
    HAL_TIM_PeriodElapsedCallback            0x08001941   Thumb Code    14  main.o(i.HAL_TIM_PeriodElapsedCallback)
    HAL_TIM_TriggerCallback                  0x08001955   Thumb Code     2  stm32f1xx_hal_tim.o(i.HAL_TIM_TriggerCallback)
    HAL_UARTEx_RxEventCallback               0x08001957   Thumb Code     2  stm32f1xx_hal_uart.o(i.HAL_UARTEx_RxEventCallback)
    HAL_UART_ErrorCallback                   0x08001959   Thumb Code     2  stm32f1xx_hal_uart.o(i.HAL_UART_ErrorCallback)
    HAL_UART_IRQHandler                      0x0800195d   Thumb Code   616  stm32f1xx_hal_uart.o(i.HAL_UART_IRQHandler)
    HAL_UART_Init                            0x08001bc9   Thumb Code   100  stm32f1xx_hal_uart.o(i.HAL_UART_Init)
    HAL_UART_MspInit                         0x08001c2d   Thumb Code   186  usart.o(i.HAL_UART_MspInit)
    HAL_UART_Receive_IT                      0x08001cf9   Thumb Code    28  stm32f1xx_hal_uart.o(i.HAL_UART_Receive_IT)
    HAL_UART_RxCpltCallback                  0x08001d15   Thumb Code    34  tjc_usart_hmi.o(i.HAL_UART_RxCpltCallback)
    HAL_UART_Transmit                        0x08001d45   Thumb Code   160  stm32f1xx_hal_uart.o(i.HAL_UART_Transmit)
    HAL_UART_TxCpltCallback                  0x08001de5   Thumb Code     2  stm32f1xx_hal_uart.o(i.HAL_UART_TxCpltCallback)
    HardFault_Handler                        0x08001de7   Thumb Code     2  stm32f1xx_it.o(i.HardFault_Handler)
    Joystick_start_Task                      0x08001de9   Thumb Code    34  freertos.o(i.Joystick_start_Task)
    MX_ADC1_Init                             0x08001e19   Thumb Code    88  adc.o(i.MX_ADC1_Init)
    MX_DMA_Init                              0x08001e79   Thumb Code    40  dma.o(i.MX_DMA_Init)
    MX_FREERTOS_Init                         0x08001ea5   Thumb Code    46  freertos.o(i.MX_FREERTOS_Init)
    MX_GPIO_Init                             0x08001ee9   Thumb Code   104  gpio.o(i.MX_GPIO_Init)
    MX_TIM3_Init                             0x08001f59   Thumb Code   102  tim.o(i.MX_TIM3_Init)
    MX_USART1_UART_Init                      0x08001fc9   Thumb Code    48  usart.o(i.MX_USART1_UART_Init)
    MX_USART2_UART_Init                      0x08002001   Thumb Code    48  usart.o(i.MX_USART2_UART_Init)
    MemManage_Handler                        0x08002039   Thumb Code     2  stm32f1xx_it.o(i.MemManage_Handler)
    NMI_Handler                              0x0800203b   Thumb Code     2  stm32f1xx_it.o(i.NMI_Handler)
    StartDefaultTask                         0x0800203d   Thumb Code     8  freertos.o(i.StartDefaultTask)
    SysTick_Handler                          0x08002045   Thumb Code    26  cmsis_os2.o(i.SysTick_Handler)
    SystemClock_Config                       0x0800205f   Thumb Code   120  main.o(i.SystemClock_Config)
    SystemInit                               0x080020d7   Thumb Code     2  system_stm32f1xx.o(i.SystemInit)
    TIM1_UP_IRQHandler                       0x080020d9   Thumb Code     6  stm32f1xx_it.o(i.TIM1_UP_IRQHandler)
    TIM_Base_SetConfig                       0x080020e5   Thumb Code   108  stm32f1xx_hal_tim.o(i.TIM_Base_SetConfig)
    TIM_CCxChannelCmd                        0x0800215d   Thumb Code    26  stm32f1xx_hal_tim.o(i.TIM_CCxChannelCmd)
    TIM_OC2_SetConfig                        0x080021c9   Thumb Code    84  stm32f1xx_hal_tim.o(i.TIM_OC2_SetConfig)
    UART_Start_Receive_IT                    0x08002495   Thumb Code    54  stm32f1xx_hal_uart.o(i.UART_Start_Receive_IT)
    USART2_IRQHandler                        0x0800253d   Thumb Code     6  stm32f1xx_it.o(i.USART2_IRQHandler)
    UsageFault_Handler                       0x08002549   Thumb Code     2  stm32f1xx_it.o(i.UsageFault_Handler)
    __0printf$3                              0x0800254d   Thumb Code    22  printf3.o(i.__0printf$3)
    __1printf$3                              0x0800254d   Thumb Code     0  printf3.o(i.__0printf$3)
    __2printf                                0x0800254d   Thumb Code     0  printf3.o(i.__0printf$3)
    __0sprintf$3                             0x0800256d   Thumb Code    34  printf3.o(i.__0sprintf$3)
    __1sprintf$3                             0x0800256d   Thumb Code     0  printf3.o(i.__0sprintf$3)
    __2sprintf                               0x0800256d   Thumb Code     0  printf3.o(i.__0sprintf$3)
    __scatterload_copy                       0x080025b5   Thumb Code    14  handlers.o(i.__scatterload_copy)
    __scatterload_null                       0x080025c3   Thumb Code     2  handlers.o(i.__scatterload_null)
    __scatterload_zeroinit                   0x080025c5   Thumb Code    14  handlers.o(i.__scatterload_zeroinit)
    display_start_Task                       0x08002797   Thumb Code    16  freertos.o(i.display_start_Task)
    fputc                                    0x080027a9   Thumb Code    20  com_debug.o(i.fputc)
    initRingBuffer                           0x080027c1   Thumb Code    12  tjc_usart_hmi.o(i.initRingBuffer)
    main                                     0x080027d1   Thumb Code    46  main.o(i.main)
    osDelay                                  0x080027ff   Thumb Code    26  cmsis_os2.o(i.osDelay)
    osKernelInitialize                       0x08002819   Thumb Code    32  cmsis_os2.o(i.osKernelInitialize)
    osKernelStart                            0x0800283d   Thumb Code    48  cmsis_os2.o(i.osKernelStart)
    osThreadNew                              0x08002875   Thumb Code   138  cmsis_os2.o(i.osThreadNew)
    pvPortMalloc                             0x08003095   Thumb Code   216  heap_4.o(i.pvPortMalloc)
    pxPortInitialiseStack                    0x08003171   Thumb Code    32  port.o(i.pxPortInitialiseStack)
    tjc_send_string                          0x08003195   Thumb Code    42  tjc_usart_hmi.o(i.tjc_send_string)
    uart_send_char                           0x080031c1   Thumb Code    20  tjc_usart_hmi.o(i.uart_send_char)
    uxListRemove                             0x080031d9   Thumb Code    38  list.o(i.uxListRemove)
    vApplicationGetIdleTaskMemory            0x08003201   Thumb Code    16  cmsis_os2.o(i.vApplicationGetIdleTaskMemory)
    vApplicationGetTimerTaskMemory           0x08003215   Thumb Code    18  cmsis_os2.o(i.vApplicationGetTimerTaskMemory)
    vListInitialise                          0x0800322d   Thumb Code    22  list.o(i.vListInitialise)
    vListInitialiseItem                      0x08003243   Thumb Code     6  list.o(i.vListInitialiseItem)
    vListInsert                              0x08003249   Thumb Code    48  list.o(i.vListInsert)
    vListInsertEnd                           0x08003279   Thumb Code    24  list.o(i.vListInsertEnd)
    vPortEnterCritical                       0x08003291   Thumb Code    54  port.o(i.vPortEnterCritical)
    vPortExitCritical                        0x080032d1   Thumb Code    34  port.o(i.vPortExitCritical)
    vPortFree                                0x080032f9   Thumb Code    94  heap_4.o(i.vPortFree)
    vPortSetupTimerInterrupt                 0x0800335d   Thumb Code    32  port.o(i.vPortSetupTimerInterrupt)
    vPortValidateInterruptPriority           0x08003381   Thumb Code    74  port.o(i.vPortValidateInterruptPriority)
    vQueueAddToRegistry                      0x080033d5   Thumb Code    34  queue.o(i.vQueueAddToRegistry)
    vQueueWaitForMessageRestricted           0x080033fd   Thumb Code    68  queue.o(i.vQueueWaitForMessageRestricted)
    vTaskDelay                               0x08003441   Thumb Code    66  tasks.o(i.vTaskDelay)
    vTaskInternalSetTimeOutState             0x0800348d   Thumb Code    12  tasks.o(i.vTaskInternalSetTimeOutState)
    vTaskMissedYield                         0x0800349d   Thumb Code     8  tasks.o(i.vTaskMissedYield)
    vTaskPlaceOnEventList                    0x080034a9   Thumb Code    44  tasks.o(i.vTaskPlaceOnEventList)
    vTaskPlaceOnEventListRestricted          0x080034d9   Thumb Code    52  tasks.o(i.vTaskPlaceOnEventListRestricted)
    vTaskStartScheduler                      0x08003511   Thumb Code   118  tasks.o(i.vTaskStartScheduler)
    vTaskSuspendAll                          0x08003599   Thumb Code    10  tasks.o(i.vTaskSuspendAll)
    vTaskSwitchContext                       0x080035a9   Thumb Code    90  tasks.o(i.vTaskSwitchContext)
    write1ByteToRingBuffer                   0x0800360d   Thumb Code    42  tjc_usart_hmi.o(i.write1ByteToRingBuffer)
    xPortStartScheduler                      0x0800363d   Thumb Code   154  port.o(i.xPortStartScheduler)
    xPortSysTickHandler                      0x080036e5   Thumb Code    38  port.o(i.xPortSysTickHandler)
    xQueueGenericCreateStatic                0x08003711   Thumb Code   102  queue.o(i.xQueueGenericCreateStatic)
    xQueueGenericReset                       0x08003779   Thumb Code   132  queue.o(i.xQueueGenericReset)
    xQueueGenericSend                        0x08003801   Thumb Code   346  queue.o(i.xQueueGenericSend)
    xQueueGenericSendFromISR                 0x08003961   Thumb Code   190  queue.o(i.xQueueGenericSendFromISR)
    xQueueReceive                            0x08003a21   Thumb Code   308  queue.o(i.xQueueReceive)
    xTaskCheckForTimeOut                     0x08003b59   Thumb Code   112  tasks.o(i.xTaskCheckForTimeOut)
    xTaskCreate                              0x08003bcd   Thumb Code    90  tasks.o(i.xTaskCreate)
    xTaskCreateStatic                        0x08003c27   Thumb Code    86  tasks.o(i.xTaskCreateStatic)
    xTaskGetSchedulerState                   0x08003c7d   Thumb Code    22  tasks.o(i.xTaskGetSchedulerState)
    xTaskGetTickCount                        0x08003c99   Thumb Code     6  tasks.o(i.xTaskGetTickCount)
    xTaskIncrementTick                       0x08003ca5   Thumb Code   192  tasks.o(i.xTaskIncrementTick)
    xTaskPriorityDisinherit                  0x08003d6d   Thumb Code   118  tasks.o(i.xTaskPriorityDisinherit)
    xTaskRemoveFromEventList                 0x08003ded   Thumb Code    98  tasks.o(i.xTaskRemoveFromEventList)
    xTaskResumeAll                           0x08003e5d   Thumb Code   182  tasks.o(i.xTaskResumeAll)
    xTimerCreateTimerTask                    0x08003f21   Thumb Code    78  timers.o(i.xTimerCreateTimerTask)
    xTimerGenericCommand                     0x08003f81   Thumb Code    98  timers.o(i.xTimerGenericCommand)
    defaultTask_attributes                   0x08003fe8   Data          36  freertos.o(.constdata)
    display_Task_attributes                  0x0800400c   Data          36  freertos.o(.constdata)
    Joystick_Task_attributes                 0x08004030   Data          36  freertos.o(.constdata)
    AHBPrescTable                            0x08004066   Data          16  system_stm32f1xx.o(.constdata)
    APBPrescTable                            0x08004076   Data           8  system_stm32f1xx.o(.constdata)
    Region$$Table$$Base                      0x080040ac   Number         0  anon$$obj.o(Region$$Table)
    Region$$Table$$Limit                     0x080040cc   Number         0  anon$$obj.o(Region$$Table)
    defaultTaskHandle                        0x20000000   Data           4  freertos.o(.data)
    display_TaskHandle                       0x20000004   Data           4  freertos.o(.data)
    Joystick_TaskHandle                      0x20000008   Data           4  freertos.o(.data)
    uwTickFreq                               0x2000000c   Data           1  stm32f1xx_hal.o(.data)
    uwTickPrio                               0x20000010   Data           4  stm32f1xx_hal.o(.data)
    uwTick                                   0x20000014   Data           4  stm32f1xx_hal.o(.data)
    SystemCoreClock                          0x20000018   Data           4  system_stm32f1xx.o(.data)
    RxBuffer                                 0x2000001c   Data           1  tjc_usart_hmi.o(.data)
    AdcBuf                                   0x20000024   Data           4  com_datapool.o(.data)
    pxCurrentTCB                             0x20000028   Data           4  tasks.o(.data)
    __stdout                                 0x200000a8   Data           4  stdout.o(.data)
    hadc1                                    0x200000ac   Data          48  adc.o(.bss)
    hdma_adc1                                0x200000dc   Data          68  adc.o(.bss)
    htim3                                    0x20000120   Data          72  tim.o(.bss)
    huart1                                   0x20000168   Data          72  usart.o(.bss)
    huart2                                   0x200001b0   Data          72  usart.o(.bss)
    htim1                                    0x200001f8   Data          72  stm32f1xx_hal_timebase_tim.o(.bss)
    ringBuffer                               0x20000240   Data         506  tjc_usart_hmi.o(.bss)
    xQueueRegistry                           0x200004a0   Data          64  queue.o(.bss)
    __initial_sp                             0x20002178   Data           0  startup_stm32f103xb.o(STACK)



==============================================================================

Memory Map of the image

  Image Entry point : 0x080000ed

  Load Region LR_IROM1 (Base: 0x08000000, Size: 0x00004178, Max: 0x00010000, ABSOLUTE)

    Execution Region ER_IROM1 (Exec base: 0x08000000, Load base: 0x08000000, Size: 0x000040cc, Max: 0x00010000, ABSOLUTE)

    Exec Addr    Load Addr    Size         Type   Attr      Idx    E Section Name        Object

    0x08000000   0x08000000   0x000000ec   Data   RO            3    RESET               startup_stm32f103xb.o
    0x080000ec   0x080000ec   0x00000000   Code   RO         5244  * .ARM.Collect$$$$00000000  mc_w.l(entry.o)
    0x080000ec   0x080000ec   0x00000004   Code   RO         5518    .ARM.Collect$$$$00000001  mc_w.l(entry2.o)
    0x080000f0   0x080000f0   0x00000004   Code   RO         5521    .ARM.Collect$$$$00000004  mc_w.l(entry5.o)
    0x080000f4   0x080000f4   0x00000000   Code   RO         5523    .ARM.Collect$$$$00000008  mc_w.l(entry7b.o)
    0x080000f4   0x080000f4   0x00000000   Code   RO         5525    .ARM.Collect$$$$0000000A  mc_w.l(entry8b.o)
    0x080000f4   0x080000f4   0x00000008   Code   RO         5526    .ARM.Collect$$$$0000000B  mc_w.l(entry9a.o)
    0x080000fc   0x080000fc   0x00000000   Code   RO         5528    .ARM.Collect$$$$0000000D  mc_w.l(entry10a.o)
    0x080000fc   0x080000fc   0x00000000   Code   RO         5530    .ARM.Collect$$$$0000000F  mc_w.l(entry11a.o)
    0x080000fc   0x080000fc   0x00000004   Code   RO         5519    .ARM.Collect$$$$00002712  mc_w.l(entry2.o)
    0x08000100   0x08000100   0x00000096   Code   RO         5167    .emb_text           port.o
    0x08000196   0x08000196   0x00000002   PAD
    0x08000198   0x08000198   0x00000024   Code   RO            4    .text               startup_stm32f103xb.o
    0x080001bc   0x080001bc   0x00000024   Code   RO         5249    .text               mc_w.l(memcpya.o)
    0x080001e0   0x080001e0   0x00000024   Code   RO         5253    .text               mc_w.l(memseta.o)
    0x08000204   0x08000204   0x0000002c   Code   RO         5533    .text               mc_w.l(uidiv.o)
    0x08000230   0x08000230   0x00000024   Code   RO         5548    .text               mc_w.l(init.o)
    0x08000254   0x08000254   0x00000056   Code   RO         1605    i.ADC_ConversionStop_Disable  stm32f1xx_hal_adc.o
    0x080002aa   0x080002aa   0x0000004e   Code   RO         1606    i.ADC_DMAConvCplt   stm32f1xx_hal_adc.o
    0x080002f8   0x080002f8   0x0000001a   Code   RO         1607    i.ADC_DMAError      stm32f1xx_hal_adc.o
    0x08000312   0x08000312   0x0000000a   Code   RO         1608    i.ADC_DMAHalfConvCplt  stm32f1xx_hal_adc.o
    0x0800031c   0x0800031c   0x0000007c   Code   RO         1609    i.ADC_Enable        stm32f1xx_hal_adc.o
    0x08000398   0x08000398   0x000000a4   Code   RO         3367    i.App_Display_Show  app_display.o
    0x0800043c   0x0800043c   0x00000044   Code   RO         3368    i.App_Display_Start  app_display.o
    0x08000480   0x08000480   0x00000002   Code   RO          457    i.BusFault_Handler  stm32f1xx_it.o
    0x08000482   0x08000482   0x00000002   PAD
    0x08000484   0x08000484   0x0000000c   Code   RO          458    i.DMA1_Channel1_IRQHandler  stm32f1xx_it.o
    0x08000490   0x08000490   0x0000002a   Code   RO         2261    i.DMA_SetConfig     stm32f1xx_hal_dma.o
    0x080004ba   0x080004ba   0x00000002   Code   RO          459    i.DebugMon_Handler  stm32f1xx_it.o
    0x080004bc   0x080004bc   0x00000004   Code   RO           13    i.Error_Handler     main.o
    0x080004c0   0x080004c0   0x000000fc   Code   RO         1611    i.HAL_ADC_ConfigChannel  stm32f1xx_hal_adc.o
    0x080005bc   0x080005bc   0x00000002   Code   RO         1612    i.HAL_ADC_ConvCpltCallback  stm32f1xx_hal_adc.o
    0x080005be   0x080005be   0x00000002   Code   RO         1613    i.HAL_ADC_ConvHalfCpltCallback  stm32f1xx_hal_adc.o
    0x080005c0   0x080005c0   0x00000002   Code   RO         1615    i.HAL_ADC_ErrorCallback  stm32f1xx_hal_adc.o
    0x080005c2   0x080005c2   0x00000002   PAD
    0x080005c4   0x080005c4   0x0000011c   Code   RO         1620    i.HAL_ADC_Init      stm32f1xx_hal_adc.o
    0x080006e0   0x080006e0   0x0000008c   Code   RO          302    i.HAL_ADC_MspInit   adc.o
    0x0800076c   0x0800076c   0x0000010c   Code   RO         1627    i.HAL_ADC_Start_DMA  stm32f1xx_hal_adc.o
    0x08000878   0x08000878   0x00000046   Code   RO         2262    i.HAL_DMA_Abort     stm32f1xx_hal_dma.o
    0x080008be   0x080008be   0x00000002   PAD
    0x080008c0   0x080008c0   0x00000098   Code   RO         2263    i.HAL_DMA_Abort_IT  stm32f1xx_hal_dma.o
    0x08000958   0x08000958   0x00000154   Code   RO         2267    i.HAL_DMA_IRQHandler  stm32f1xx_hal_dma.o
    0x08000aac   0x08000aac   0x0000005c   Code   RO         2268    i.HAL_DMA_Init      stm32f1xx_hal_dma.o
    0x08000b08   0x08000b08   0x00000070   Code   RO         2272    i.HAL_DMA_Start_IT  stm32f1xx_hal_dma.o
    0x08000b78   0x08000b78   0x000001e0   Code   RO         2198    i.HAL_GPIO_Init     stm32f1xx_hal_gpio.o
    0x08000d58   0x08000d58   0x0000000a   Code   RO         2202    i.HAL_GPIO_WritePin  stm32f1xx_hal_gpio.o
    0x08000d62   0x08000d62   0x00000002   PAD
    0x08000d64   0x08000d64   0x0000000c   Code   RO         1892    i.HAL_GetTick       stm32f1xx_hal.o
    0x08000d70   0x08000d70   0x00000010   Code   RO         1898    i.HAL_IncTick       stm32f1xx_hal.o
    0x08000d80   0x08000d80   0x00000024   Code   RO         1899    i.HAL_Init          stm32f1xx_hal.o
    0x08000da4   0x08000da4   0x0000008c   Code   RO          557    i.HAL_InitTick      stm32f1xx_hal_timebase_tim.o
    0x08000e30   0x08000e30   0x00000048   Code   RO          533    i.HAL_MspInit       stm32f1xx_hal_msp.o
    0x08000e78   0x08000e78   0x0000001a   Code   RO         2358    i.HAL_NVIC_EnableIRQ  stm32f1xx_hal_cortex.o
    0x08000e92   0x08000e92   0x00000002   PAD
    0x08000e94   0x08000e94   0x00000040   Code   RO         2364    i.HAL_NVIC_SetPriority  stm32f1xx_hal_cortex.o
    0x08000ed4   0x08000ed4   0x00000024   Code   RO         2365    i.HAL_NVIC_SetPriorityGrouping  stm32f1xx_hal_cortex.o
    0x08000ef8   0x08000ef8   0x000000ec   Code   RO         2160    i.HAL_RCCEx_PeriphCLKConfig  stm32f1xx_hal_rcc_ex.o
    0x08000fe4   0x08000fe4   0x0000012c   Code   RO         2056    i.HAL_RCC_ClockConfig  stm32f1xx_hal_rcc.o
    0x08001110   0x08001110   0x00000040   Code   RO         2060    i.HAL_RCC_GetClockConfig  stm32f1xx_hal_rcc.o
    0x08001150   0x08001150   0x00000020   Code   RO         2063    i.HAL_RCC_GetPCLK1Freq  stm32f1xx_hal_rcc.o
    0x08001170   0x08001170   0x00000020   Code   RO         2064    i.HAL_RCC_GetPCLK2Freq  stm32f1xx_hal_rcc.o
    0x08001190   0x08001190   0x0000004c   Code   RO         2065    i.HAL_RCC_GetSysClockFreq  stm32f1xx_hal_rcc.o
    0x080011dc   0x080011dc   0x00000320   Code   RO         2068    i.HAL_RCC_OscConfig  stm32f1xx_hal_rcc.o
    0x080014fc   0x080014fc   0x00000002   Code   RO         1338    i.HAL_TIMEx_BreakCallback  stm32f1xx_hal_tim_ex.o
    0x080014fe   0x080014fe   0x00000002   Code   RO         1339    i.HAL_TIMEx_CommutCallback  stm32f1xx_hal_tim_ex.o
    0x08001500   0x08001500   0x00000068   Code   RO         1357    i.HAL_TIMEx_MasterConfigSynchronization  stm32f1xx_hal_tim_ex.o
    0x08001568   0x08001568   0x0000005a   Code   RO          634    i.HAL_TIM_Base_Init  stm32f1xx_hal_tim.o
    0x080015c2   0x080015c2   0x00000002   Code   RO          636    i.HAL_TIM_Base_MspInit  stm32f1xx_hal_tim.o
    0x080015c4   0x080015c4   0x00000058   Code   RO          639    i.HAL_TIM_Base_Start_IT  stm32f1xx_hal_tim.o
    0x0800161c   0x0800161c   0x00000002   Code   RO          668    i.HAL_TIM_IC_CaptureCallback  stm32f1xx_hal_tim.o
    0x0800161e   0x0800161e   0x00000130   Code   RO          682    i.HAL_TIM_IRQHandler  stm32f1xx_hal_tim.o
    0x0800174e   0x0800174e   0x00000002   Code   RO          685    i.HAL_TIM_OC_DelayElapsedCallback  stm32f1xx_hal_tim.o
    0x08001750   0x08001750   0x000000cc   Code   RO          706    i.HAL_TIM_PWM_ConfigChannel  stm32f1xx_hal_tim.o
    0x0800181c   0x0800181c   0x0000005a   Code   RO          709    i.HAL_TIM_PWM_Init  stm32f1xx_hal_tim.o
    0x08001876   0x08001876   0x00000002   PAD
    0x08001878   0x08001878   0x00000028   Code   RO          368    i.HAL_TIM_PWM_MspInit  tim.o
    0x080018a0   0x080018a0   0x00000002   Code   RO          712    i.HAL_TIM_PWM_PulseFinishedCallback  stm32f1xx_hal_tim.o
    0x080018a2   0x080018a2   0x00000002   PAD
    0x080018a4   0x080018a4   0x0000009c   Code   RO          714    i.HAL_TIM_PWM_Start  stm32f1xx_hal_tim.o
    0x08001940   0x08001940   0x00000014   Code   RO           14    i.HAL_TIM_PeriodElapsedCallback  main.o
    0x08001954   0x08001954   0x00000002   Code   RO          725    i.HAL_TIM_TriggerCallback  stm32f1xx_hal_tim.o
    0x08001956   0x08001956   0x00000002   Code   RO         2870    i.HAL_UARTEx_RxEventCallback  stm32f1xx_hal_uart.o
    0x08001958   0x08001958   0x00000002   Code   RO         2884    i.HAL_UART_ErrorCallback  stm32f1xx_hal_uart.o
    0x0800195a   0x0800195a   0x00000002   PAD
    0x0800195c   0x0800195c   0x0000026c   Code   RO         2887    i.HAL_UART_IRQHandler  stm32f1xx_hal_uart.o
    0x08001bc8   0x08001bc8   0x00000064   Code   RO         2888    i.HAL_UART_Init     stm32f1xx_hal_uart.o
    0x08001c2c   0x08001c2c   0x000000cc   Code   RO          410    i.HAL_UART_MspInit  usart.o
    0x08001cf8   0x08001cf8   0x0000001c   Code   RO         2893    i.HAL_UART_Receive_IT  stm32f1xx_hal_uart.o
    0x08001d14   0x08001d14   0x00000030   Code   RO         3259    i.HAL_UART_RxCpltCallback  tjc_usart_hmi.o
    0x08001d44   0x08001d44   0x000000a0   Code   RO         2896    i.HAL_UART_Transmit  stm32f1xx_hal_uart.o
    0x08001de4   0x08001de4   0x00000002   Code   RO         2899    i.HAL_UART_TxCpltCallback  stm32f1xx_hal_uart.o
    0x08001de6   0x08001de6   0x00000002   Code   RO          460    i.HardFault_Handler  stm32f1xx_it.o
    0x08001de8   0x08001de8   0x00000030   Code   RO          224    i.Joystick_start_Task  freertos.o
    0x08001e18   0x08001e18   0x00000060   Code   RO          303    i.MX_ADC1_Init      adc.o
    0x08001e78   0x08001e78   0x0000002c   Code   RO          343    i.MX_DMA_Init       dma.o
    0x08001ea4   0x08001ea4   0x00000044   Code   RO          225    i.MX_FREERTOS_Init  freertos.o
    0x08001ee8   0x08001ee8   0x00000070   Code   RO          200    i.MX_GPIO_Init      gpio.o
    0x08001f58   0x08001f58   0x00000070   Code   RO          369    i.MX_TIM3_Init      tim.o
    0x08001fc8   0x08001fc8   0x00000038   Code   RO          411    i.MX_USART1_UART_Init  usart.o
    0x08002000   0x08002000   0x00000038   Code   RO          412    i.MX_USART2_UART_Init  usart.o
    0x08002038   0x08002038   0x00000002   Code   RO          461    i.MemManage_Handler  stm32f1xx_it.o
    0x0800203a   0x0800203a   0x00000002   Code   RO          462    i.NMI_Handler       stm32f1xx_it.o
    0x0800203c   0x0800203c   0x00000008   Code   RO          226    i.StartDefaultTask  freertos.o
    0x08002044   0x08002044   0x0000001a   Code   RO         4599    i.SysTick_Handler   cmsis_os2.o
    0x0800205e   0x0800205e   0x00000078   Code   RO           15    i.SystemClock_Config  main.o
    0x080020d6   0x080020d6   0x00000002   Code   RO         3222    i.SystemInit        system_stm32f1xx.o
    0x080020d8   0x080020d8   0x0000000c   Code   RO          463    i.TIM1_UP_IRQHandler  stm32f1xx_it.o
    0x080020e4   0x080020e4   0x00000078   Code   RO          727    i.TIM_Base_SetConfig  stm32f1xx_hal_tim.o
    0x0800215c   0x0800215c   0x0000001a   Code   RO          728    i.TIM_CCxChannelCmd  stm32f1xx_hal_tim.o
    0x08002176   0x08002176   0x00000002   PAD
    0x08002178   0x08002178   0x00000050   Code   RO          740    i.TIM_OC1_SetConfig  stm32f1xx_hal_tim.o
    0x080021c8   0x080021c8   0x00000058   Code   RO          741    i.TIM_OC2_SetConfig  stm32f1xx_hal_tim.o
    0x08002220   0x08002220   0x00000058   Code   RO          742    i.TIM_OC3_SetConfig  stm32f1xx_hal_tim.o
    0x08002278   0x08002278   0x00000044   Code   RO          743    i.TIM_OC4_SetConfig  stm32f1xx_hal_tim.o
    0x080022bc   0x080022bc   0x00000010   Code   RO         2901    i.UART_DMAAbortOnError  stm32f1xx_hal_uart.o
    0x080022cc   0x080022cc   0x0000004e   Code   RO         2911    i.UART_EndRxTransfer  stm32f1xx_hal_uart.o
    0x0800231a   0x0800231a   0x000000c2   Code   RO         2913    i.UART_Receive_IT   stm32f1xx_hal_uart.o
    0x080023dc   0x080023dc   0x000000b8   Code   RO         2914    i.UART_SetConfig    stm32f1xx_hal_uart.o
    0x08002494   0x08002494   0x00000036   Code   RO         2916    i.UART_Start_Receive_IT  stm32f1xx_hal_uart.o
    0x080024ca   0x080024ca   0x00000072   Code   RO         2917    i.UART_WaitOnFlagUntilTimeout  stm32f1xx_hal_uart.o
    0x0800253c   0x0800253c   0x0000000c   Code   RO          464    i.USART2_IRQHandler  stm32f1xx_it.o
    0x08002548   0x08002548   0x00000002   Code   RO          465    i.UsageFault_Handler  stm32f1xx_it.o
    0x0800254a   0x0800254a   0x00000002   PAD
    0x0800254c   0x0800254c   0x00000020   Code   RO         5346    i.__0printf$3       mc_w.l(printf3.o)
    0x0800256c   0x0800256c   0x00000028   Code   RO         5348    i.__0sprintf$3      mc_w.l(printf3.o)
    0x08002594   0x08002594   0x00000020   Code   RO         2371    i.__NVIC_SetPriority  stm32f1xx_hal_cortex.o
    0x080025b4   0x080025b4   0x0000000e   Code   RO         5558    i.__scatterload_copy  mc_w.l(handlers.o)
    0x080025c2   0x080025c2   0x00000002   Code   RO         5559    i.__scatterload_null  mc_w.l(handlers.o)
    0x080025c4   0x080025c4   0x0000000e   Code   RO         5560    i.__scatterload_zeroinit  mc_w.l(handlers.o)
    0x080025d2   0x080025d2   0x00000002   PAD
    0x080025d4   0x080025d4   0x000001b8   Code   RO         5353    i._printf_core      mc_w.l(printf3.o)
    0x0800278c   0x0800278c   0x0000000a   Code   RO         5355    i._sputc            mc_w.l(printf3.o)
    0x08002796   0x08002796   0x00000010   Code   RO          227    i.display_start_Task  freertos.o
    0x080027a6   0x080027a6   0x00000002   PAD
    0x080027a8   0x080027a8   0x00000018   Code   RO         3430    i.fputc             com_debug.o
    0x080027c0   0x080027c0   0x00000010   Code   RO         3262    i.initRingBuffer    tjc_usart_hmi.o
    0x080027d0   0x080027d0   0x0000002e   Code   RO           16    i.main              main.o
    0x080027fe   0x080027fe   0x0000001a   Code   RO         4601    i.osDelay           cmsis_os2.o
    0x08002818   0x08002818   0x00000024   Code   RO         4615    i.osKernelInitialize  cmsis_os2.o
    0x0800283c   0x0800283c   0x00000038   Code   RO         4618    i.osKernelStart     cmsis_os2.o
    0x08002874   0x08002874   0x0000008a   Code   RO         4660    i.osThreadNew       cmsis_os2.o
    0x080028fe   0x080028fe   0x00000002   PAD
    0x08002900   0x08002900   0x0000005c   Code   RO         4060    i.prvAddCurrentTaskToDelayedList  tasks.o
    0x0800295c   0x0800295c   0x000000d0   Code   RO         4061    i.prvAddNewTaskToReadyList  tasks.o
    0x08002a2c   0x08002a2c   0x00000058   Code   RO         4425    i.prvCheckForValidListAndQueue  timers.o
    0x08002a84   0x08002a84   0x00000026   Code   RO         3657    i.prvCopyDataFromQueue  queue.o
    0x08002aaa   0x08002aaa   0x0000006c   Code   RO         3658    i.prvCopyDataToQueue  queue.o
    0x08002b16   0x08002b16   0x00000034   Code   RO         4062    i.prvDeleteTCB      tasks.o
    0x08002b4a   0x08002b4a   0x00000002   PAD
    0x08002b4c   0x08002b4c   0x0000004c   Code   RO         5112    i.prvHeapInit       heap_4.o
    0x08002b98   0x08002b98   0x00000060   Code   RO         4063    i.prvIdleTask       tasks.o
    0x08002bf8   0x08002bf8   0x00000022   Code   RO         3660    i.prvInitialiseNewQueue  queue.o
    0x08002c1a   0x08002c1a   0x00000002   PAD
    0x08002c1c   0x08002c1c   0x000000b0   Code   RO         4064    i.prvInitialiseNewTask  tasks.o
    0x08002ccc   0x08002ccc   0x0000004c   Code   RO         5113    i.prvInsertBlockIntoFreeList  heap_4.o
    0x08002d18   0x08002d18   0x00000038   Code   RO         4427    i.prvInsertTimerInActiveList  timers.o
    0x08002d50   0x08002d50   0x0000001c   Code   RO         3661    i.prvIsQueueEmpty   queue.o
    0x08002d6c   0x08002d6c   0x000000fc   Code   RO         4428    i.prvProcessReceivedCommands  timers.o
    0x08002e68   0x08002e68   0x000000c0   Code   RO         4429    i.prvProcessTimerOrBlockTask  timers.o
    0x08002f28   0x08002f28   0x00000020   Code   RO         4066    i.prvResetNextTaskUnblockTime  tasks.o
    0x08002f48   0x08002f48   0x00000028   Code   RO         4430    i.prvSampleTimeNow  timers.o
    0x08002f70   0x08002f70   0x0000006c   Code   RO         4431    i.prvSwitchTimerLists  timers.o
    0x08002fdc   0x08002fdc   0x00000028   Code   RO         5168    i.prvTaskExitError  port.o
    0x08003004   0x08003004   0x00000024   Code   RO         4432    i.prvTimerTask      timers.o
    0x08003028   0x08003028   0x0000006a   Code   RO         3662    i.prvUnlockQueue    queue.o
    0x08003092   0x08003092   0x00000002   PAD
    0x08003094   0x08003094   0x000000dc   Code   RO         5114    i.pvPortMalloc      heap_4.o
    0x08003170   0x08003170   0x00000024   Code   RO         5169    i.pxPortInitialiseStack  port.o
    0x08003194   0x08003194   0x0000002a   Code   RO         3267    i.tjc_send_string   tjc_usart_hmi.o
    0x080031be   0x080031be   0x00000002   PAD
    0x080031c0   0x080031c0   0x00000018   Code   RO         3270    i.uart_send_char    tjc_usart_hmi.o
    0x080031d8   0x080031d8   0x00000026   Code   RO         3617    i.uxListRemove      list.o
    0x080031fe   0x080031fe   0x00000002   PAD
    0x08003200   0x08003200   0x00000014   Code   RO         4672    i.vApplicationGetIdleTaskMemory  cmsis_os2.o
    0x08003214   0x08003214   0x00000018   Code   RO         4673    i.vApplicationGetTimerTaskMemory  cmsis_os2.o
    0x0800322c   0x0800322c   0x00000016   Code   RO         3618    i.vListInitialise   list.o
    0x08003242   0x08003242   0x00000006   Code   RO         3619    i.vListInitialiseItem  list.o
    0x08003248   0x08003248   0x00000030   Code   RO         3620    i.vListInsert       list.o
    0x08003278   0x08003278   0x00000018   Code   RO         3621    i.vListInsertEnd    list.o
    0x08003290   0x08003290   0x00000040   Code   RO         5171    i.vPortEnterCritical  port.o
    0x080032d0   0x080032d0   0x00000028   Code   RO         5172    i.vPortExitCritical  port.o
    0x080032f8   0x080032f8   0x00000064   Code   RO         5115    i.vPortFree         heap_4.o
    0x0800335c   0x0800335c   0x00000024   Code   RO         5173    i.vPortSetupTimerInterrupt  port.o
    0x08003380   0x08003380   0x00000054   Code   RO         5174    i.vPortValidateInterruptPriority  port.o
    0x080033d4   0x080033d4   0x00000028   Code   RO         3668    i.vQueueAddToRegistry  queue.o
    0x080033fc   0x080033fc   0x00000044   Code   RO         3672    i.vQueueWaitForMessageRestricted  queue.o
    0x08003440   0x08003440   0x0000004c   Code   RO         4079    i.vTaskDelay        tasks.o
    0x0800348c   0x0800348c   0x00000010   Code   RO         4084    i.vTaskInternalSetTimeOutState  tasks.o
    0x0800349c   0x0800349c   0x0000000c   Code   RO         4085    i.vTaskMissedYield  tasks.o
    0x080034a8   0x080034a8   0x00000030   Code   RO         4087    i.vTaskPlaceOnEventList  tasks.o
    0x080034d8   0x080034d8   0x00000038   Code   RO         4088    i.vTaskPlaceOnEventListRestricted  tasks.o
    0x08003510   0x08003510   0x00000088   Code   RO         4096    i.vTaskStartScheduler  tasks.o
    0x08003598   0x08003598   0x00000010   Code   RO         4098    i.vTaskSuspendAll   tasks.o
    0x080035a8   0x080035a8   0x00000064   Code   RO         4099    i.vTaskSwitchContext  tasks.o
    0x0800360c   0x0800360c   0x00000030   Code   RO         3272    i.write1ByteToRingBuffer  tjc_usart_hmi.o
    0x0800363c   0x0800363c   0x000000a8   Code   RO         5175    i.xPortStartScheduler  port.o
    0x080036e4   0x080036e4   0x0000002c   Code   RO         5176    i.xPortSysTickHandler  port.o
    0x08003710   0x08003710   0x00000066   Code   RO         3678    i.xQueueGenericCreateStatic  queue.o
    0x08003776   0x08003776   0x00000002   PAD
    0x08003778   0x08003778   0x00000088   Code   RO         3679    i.xQueueGenericReset  queue.o
    0x08003800   0x08003800   0x00000160   Code   RO         3680    i.xQueueGenericSend  queue.o
    0x08003960   0x08003960   0x000000be   Code   RO         3681    i.xQueueGenericSendFromISR  queue.o
    0x08003a1e   0x08003a1e   0x00000002   PAD
    0x08003a20   0x08003a20   0x00000138   Code   RO         3690    i.xQueueReceive     queue.o
    0x08003b58   0x08003b58   0x00000074   Code   RO         4101    i.xTaskCheckForTimeOut  tasks.o
    0x08003bcc   0x08003bcc   0x0000005a   Code   RO         4102    i.xTaskCreate       tasks.o
    0x08003c26   0x08003c26   0x00000056   Code   RO         4103    i.xTaskCreateStatic  tasks.o
    0x08003c7c   0x08003c7c   0x0000001c   Code   RO         4107    i.xTaskGetSchedulerState  tasks.o
    0x08003c98   0x08003c98   0x0000000c   Code   RO         4108    i.xTaskGetTickCount  tasks.o
    0x08003ca4   0x08003ca4   0x000000c8   Code   RO         4110    i.xTaskIncrementTick  tasks.o
    0x08003d6c   0x08003d6c   0x00000080   Code   RO         4113    i.xTaskPriorityDisinherit  tasks.o
    0x08003dec   0x08003dec   0x00000070   Code   RO         4115    i.xTaskRemoveFromEventList  tasks.o
    0x08003e5c   0x08003e5c   0x000000c4   Code   RO         4116    i.xTaskResumeAll    tasks.o
    0x08003f20   0x08003f20   0x00000060   Code   RO         4441    i.xTimerCreateTimerTask  timers.o
    0x08003f80   0x08003f80   0x00000068   Code   RO         4442    i.xTimerGenericCommand  timers.o
    0x08003fe8   0x08003fe8   0x0000006c   Data   RO          228    .constdata          freertos.o
    0x08004054   0x08004054   0x00000012   Data   RO         2069    .constdata          stm32f1xx_hal_rcc.o
    0x08004066   0x08004066   0x00000010   Data   RO         3223    .constdata          system_stm32f1xx.o
    0x08004076   0x08004076   0x00000008   Data   RO         3224    .constdata          system_stm32f1xx.o
    0x0800407e   0x0800407e   0x00000002   PAD
    0x08004080   0x08004080   0x0000002c   Data   RO          229    .conststring        freertos.o
    0x080040ac   0x080040ac   0x00000020   Data   RO         5556    Region$$Table       anon$$obj.o


    Execution Region RW_IRAM1 (Exec base: 0x20000000, Load base: 0x080040cc, Size: 0x00002178, Max: 0x00005000, ABSOLUTE)

    Exec Addr    Load Addr    Size         Type   Attr      Idx    E Section Name        Object

    0x20000000   0x080040cc   0x0000000c   Data   RW          230    .data               freertos.o
    0x2000000c   0x080040d8   0x0000000c   Data   RW         1906    .data               stm32f1xx_hal.o
    0x20000018   0x080040e4   0x00000004   Data   RW         3225    .data               system_stm32f1xx.o
    0x2000001c   0x080040e8   0x00000001   Data   RW         3274    .data               tjc_usart_hmi.o
    0x2000001d   0x080040e9   0x00000003   PAD
    0x20000020   0x080040ec   0x00000004   Data   RW         3370    .data               app_display.o
    0x20000024   0x080040f0   0x00000004   Data   RW         3465    .data               com_datapool.o
    0x20000028   0x080040f4   0x0000003c   Data   RW         4119    .data               tasks.o
    0x20000064   0x08004130   0x00000014   Data   RW         4450    .data               timers.o
    0x20000078   0x08004144   0x00000004   Data   RW         4675    .data               cmsis_os2.o
    0x2000007c   0x08004148   0x00000020   Data   RW         5121    .data               heap_4.o
    0x2000009c   0x08004168   0x0000000c   Data   RW         5177    .data               port.o
    0x200000a8   0x08004174   0x00000004   Data   RW         5532    .data               mc_w.l(stdout.o)
    0x200000ac        -       0x00000074   Zero   RW          304    .bss                adc.o
    0x20000120        -       0x00000048   Zero   RW          370    .bss                tim.o
    0x20000168        -       0x00000090   Zero   RW          413    .bss                usart.o
    0x200001f8        -       0x00000048   Zero   RW          560    .bss                stm32f1xx_hal_timebase_tim.o
    0x20000240        -       0x000001fa   Zero   RW         3273    .bss                tjc_usart_hmi.o
    0x2000043a        -       0x00000064   Zero   RW         3369    .bss                app_display.o
    0x2000049e   0x08004178   0x00000002   PAD
    0x200004a0        -       0x00000040   Zero   RW         3694    .bss                queue.o
    0x200004e0        -       0x000004c4   Zero   RW         4118    .bss                tasks.o
    0x200009a4        -       0x00000118   Zero   RW         4449    .bss                timers.o
    0x20000abc        -       0x000006b8   Zero   RW         4674    .bss                cmsis_os2.o
    0x20001174        -       0x00000c00   Zero   RW         5120    .bss                heap_4.o
    0x20001d74   0x08004178   0x00000004   PAD
    0x20001d78        -       0x00000400   Zero   RW            1    STACK               startup_stm32f103xb.o


==============================================================================

Image component sizes


      Code (inc. data)   RO Data    RW Data    ZI Data      Debug   Object Name

       236         28          0          0        116       1723   adc.o
       232        118          0          4        100       1535   app_display.o
       326         22          0          4       1720      58459   cmsis_os2.o
         0          0          0          4          0        513   com_datapool.o
        24          4          0          0          0        472   com_debug.o
        44          4          0          0          0        734   dma.o
         0          0          0          0          0      19544   event_groups.o
       140         36        152         12          0       4144   freertos.o
       112          8          0          0          0        887   gpio.o
       472         24          0         32       3072       4687   heap_4.o
       138          0          0          0          0       3318   list.o
       190          6          0          0          0     453636   main.o
       662         70          0         12          0      10589   port.o
      1514         20          0          0         64      16876   queue.o
        36          8        236          0       1024        792   startup_stm32f103xb.o
        64         14          0         12          0       4566   stm32f1xx_hal.o
      1134         56          0          0          0       8378   stm32f1xx_hal_adc.o
       158         14          0          0          0      28118   stm32f1xx_hal_cortex.o
       808         36          0          0          0       4902   stm32f1xx_hal_dma.o
       490         34          0          0          0       2856   stm32f1xx_hal_gpio.o
        72         10          0          0          0        846   stm32f1xx_hal_msp.o
      1304         94         18          0          0       5653   stm32f1xx_hal_rcc.o
       236         12          0          0          0       1356   stm32f1xx_hal_rcc_ex.o
      1412         56          0          0          0      12715   stm32f1xx_hal_tim.o
       108         12          0          0          0       2353   stm32f1xx_hal_tim_ex.o
       140         22          0          0         72       1387   stm32f1xx_hal_timebase_tim.o
      1554         10          0          0          0      10788   stm32f1xx_hal_uart.o
        48         18          0          0          0       3797   stm32f1xx_it.o
         0          0          0          0          0        388   stream_buffer.o
         2          0         24          4          0       1083   system_stm32f1xx.o
      2084        168          0         60       1220      25864   tasks.o
       152         20          0          0         72       1549   tim.o
       972         80          0         20        280      31831   timers.o
       178         28          0          1        506       3636   tjc_usart_hmi.o
       316         34          0          0        144       2311   usart.o

    ----------------------------------------------------------------------
     15398       1066        464        168       8396     732286   Object Totals
         0          0         32          0          0          0   (incl. Generated)
        40          0          2          3          6          0   (incl. Padding)

    ----------------------------------------------------------------------

      Code (inc. data)   RO Data    RW Data    ZI Data      Debug   Library Member Name

         0          0          0          0          0          0   entry.o
         0          0          0          0          0          0   entry10a.o
         0          0          0          0          0          0   entry11a.o
         8          4          0          0          0          0   entry2.o
         4          0          0          0          0          0   entry5.o
         0          0          0          0          0          0   entry7b.o
         0          0          0          0          0          0   entry8b.o
         8          4          0          0          0          0   entry9a.o
        30          0          0          0          0          0   handlers.o
        36          8          0          0          0         68   init.o
        36          0          0          0          0         68   memcpya.o
        36          0          0          0          0        108   memseta.o
       522         20          0          0          0        336   printf3.o
         0          0          0          4          0          0   stdout.o
        44          0          0          0          0         80   uidiv.o

    ----------------------------------------------------------------------
       726         36          0          4          0        660   Library Totals
         2          0          0          0          0          0   (incl. Padding)

    ----------------------------------------------------------------------

      Code (inc. data)   RO Data    RW Data    ZI Data      Debug   Library Name

       724         36          0          4          0        660   mc_w.l

    ----------------------------------------------------------------------
       726         36          0          4          0        660   Library Totals

    ----------------------------------------------------------------------

==============================================================================


      Code (inc. data)   RO Data    RW Data    ZI Data      Debug   

     16124       1102        464        172       8396     724154   Grand Totals
     16124       1102        464        172       8396     724154   ELF Image Totals
     16124       1102        464        172          0          0   ROM Totals

==============================================================================

    Total RO  Size (Code + RO Data)                16588 (  16.20kB)
    Total RW  Size (RW Data + ZI Data)              8568 (   8.37kB)
    Total ROM Size (Code + RO Data + RW Data)      16760 (  16.37kB)

==============================================================================

